[   10887ms] [INFO] %cDownload the React DevTools for a better development experience: https://reactjs.org/link/react-devtools font-weight:bold @ http://localhost:5173/node_modules/.vite/deps/chunk-WERSD76P.js?v=f48ef99d:21550
[   10935ms] [WARNING] ⚠️ React Router Future Flag Warning: React Router will begin wrapping state updates in `React.startTransition` in v7. You can use the `v7_startTransition` future flag to opt-in early. For more information, see https://reactrouter.com/v6/upgrading/future#v7_starttransition. @ http://localhost:5173/node_modules/.vite/deps/react-router-dom.js?v=f48ef99d:4435
[   10936ms] [WARNING] ⚠️ React Router Future Flag Warning: Relative route resolution within Splat routes is changing in v7. You can use the `v7_relativeSplatPath` future flag to opt-in early. For more information, see https://reactrouter.com/v6/upgrading/future#v7_relativesplatpath. @ http://localhost:5173/node_modules/.vite/deps/react-router-dom.js?v=f48ef99d:4435
[  968492ms] [ERROR] Failed to load resource: the server responded with a status of 503 (Service Unavailable) @ http://localhost:5173/projects/guided-setup/analyze:0
[ 1019635ms] [ERROR] Failed to load resource: the server responded with a status of 503 (Service Unavailable) @ http://localhost:5173/projects/guided-setup/analyze:0
[ 1065873ms] [ERROR] Failed to load resource: the server responded with a status of 503 (Service Unavailable) @ http://localhost:5173/projects/guided-setup/analyze:0
[ 1115268ms] [ERROR] Failed to load resource: the server responded with a status of 503 (Service Unavailable) @ http://localhost:5173/projects/guided-setup/analyze:0
[ 2741017ms] ReferenceError: messagesEndRef is not defined
    at ChatPanel (http://localhost:5173/src/components/guided-setup/ChatPanel.tsx?t=1778204114297:223:44)
    at renderWithHooks (http://localhost:5173/node_modules/.vite/deps/chunk-WERSD76P.js?v=f48ef99d:11548:26)
    at mountIndeterminateComponent (http://localhost:5173/node_modules/.vite/deps/chunk-WERSD76P.js?v=f48ef99d:14926:21)
    at beginWork (http://localhost:5173/node_modules/.vite/deps/chunk-WERSD76P.js?v=f48ef99d:15914:22)
    at HTMLUnknownElement.callCallback2 (http://localhost:5173/node_modules/.vite/deps/chunk-WERSD76P.js?v=f48ef99d:3674:22)
    at Object.invokeGuardedCallbackDev (http://localhost:5173/node_modules/.vite/deps/chunk-WERSD76P.js?v=f48ef99d:3699:24)
    at invokeGuardedCallback (http://localhost:5173/node_modules/.vite/deps/chunk-WERSD76P.js?v=f48ef99d:3733:39)
    at beginWork$1 (http://localhost:5173/node_modules/.vite/deps/chunk-WERSD76P.js?v=f48ef99d:19765:15)
    at performUnitOfWork (http://localhost:5173/node_modules/.vite/deps/chunk-WERSD76P.js?v=f48ef99d:19198:20)
    at workLoopSync (http://localhost:5173/node_modules/.vite/deps/chunk-WERSD76P.js?v=f48ef99d:19137:13)
[ 2741019ms] ReferenceError: messagesEndRef is not defined
    at ChatPanel (http://localhost:5173/src/components/guided-setup/ChatPanel.tsx?t=1778204114297:223:44)
    at renderWithHooks (http://localhost:5173/node_modules/.vite/deps/chunk-WERSD76P.js?v=f48ef99d:11548:26)
    at mountIndeterminateComponent (http://localhost:5173/node_modules/.vite/deps/chunk-WERSD76P.js?v=f48ef99d:14926:21)
    at beginWork (http://localhost:5173/node_modules/.vite/deps/chunk-WERSD76P.js?v=f48ef99d:15914:22)
    at HTMLUnknownElement.callCallback2 (http://localhost:5173/node_modules/.vite/deps/chunk-WERSD76P.js?v=f48ef99d:3674:22)
    at Object.invokeGuardedCallbackDev (http://localhost:5173/node_modules/.vite/deps/chunk-WERSD76P.js?v=f48ef99d:3699:24)
    at invokeGuardedCallback (http://localhost:5173/node_modules/.vite/deps/chunk-WERSD76P.js?v=f48ef99d:3733:39)
    at beginWork$1 (http://localhost:5173/node_modules/.vite/deps/chunk-WERSD76P.js?v=f48ef99d:19765:15)
    at performUnitOfWork (http://localhost:5173/node_modules/.vite/deps/chunk-WERSD76P.js?v=f48ef99d:19198:20)
    at workLoopSync (http://localhost:5173/node_modules/.vite/deps/chunk-WERSD76P.js?v=f48ef99d:19137:13)
[ 2741021ms] [ERROR] The above error occurred in the <ChatPanel> component:

    at ChatPanel (http://localhost:5173/src/components/guided-setup/ChatPanel.tsx?t=1778204114297:64:29)
    at div
    at div
    at main
    at div
    at GuidedSetupView (http://localhost:5173/src/views/GuidedSetupView.tsx?t=1778201694333:28:20)
    at RenderedRoute (http://localhost:5173/node_modules/.vite/deps/react-router-dom.js?v=f48ef99d:4131:5)
    at Routes (http://localhost:5173/node_modules/.vite/deps/react-router-dom.js?v=f48ef99d:4601:5)
    at main
    at div
    at Layout (http://localhost:5173/src/components/Layout.tsx?t=1778201991642:39:26)
    at Router (http://localhost:5173/node_modules/.vite/deps/react-router-dom.js?v=f48ef99d:4544:15)
    at BrowserRouter (http://localhost:5173/node_modules/.vite/deps/react-router-dom.js?v=f48ef99d:5290:5)
    at AppInner (http://localhost:5173/src/App.tsx?t=1778201991642:44:3)
    at ToastProvider (http://localhost:5173/src/hooks/useToast.tsx?t=1778201991642:21:33)
    at QueryClientProvider (http://localhost:5173/node_modules/.vite/deps/@tanstack_react-query.js?v=f48ef99d:3194:3)
    at App
    at RootErrorBoundary (http://localhost:5173/src/main.tsx:10:1)

React will try to recreate this component tree from scratch using the error boundary you provided, RootErrorBoundary. @ http://localhost:5173/node_modules/.vite/deps/chunk-WERSD76P.js?v=f48ef99d:14031
[ 2741021ms] [ERROR] ErrorBoundary caught an error: ReferenceError: messagesEndRef is not defined
    at ChatPanel (http://localhost:5173/src/components/guided-setup/ChatPanel.tsx?t=1778204114297:223:44)
    at renderWithHooks (http://localhost:5173/node_modules/.vite/deps/chunk-WERSD76P.js?v=f48ef99d:11548:26)
    at mountIndeterminateComponent (http://localhost:5173/node_modules/.vite/deps/chunk-WERSD76P.js?v=f48ef99d:14926:21)
    at beginWork (http://localhost:5173/node_modules/.vite/deps/chunk-WERSD76P.js?v=f48ef99d:15914:22)
    at beginWork$1 (http://localhost:5173/node_modules/.vite/deps/chunk-WERSD76P.js?v=f48ef99d:19753:22)
    at performUnitOfWork (http://localhost:5173/node_modules/.vite/deps/chunk-WERSD76P.js?v=f48ef99d:19198:20)
    at workLoopSync (http://localhost:5173/node_modules/.vite/deps/chunk-WERSD76P.js?v=f48ef99d:19137:13)
    at renderRootSync (http://localhost:5173/node_modules/.vite/deps/chunk-WERSD76P.js?v=f48ef99d:19116:15)
    at recoverFromConcurrentError (http://localhost:5173/node_modules/.vite/deps/chunk-WERSD76P.js?v=f48ef99d:18736:28)
    at performSyncWorkOnRoot (http://localhost:5173/node_modules/.vite/deps/chunk-WERSD76P.js?v=f48ef99d:18879:28) {componentStack: 
    at ChatPanel (http://localhost:5173/src/compo…oundary (http://localhost:5173/src/main.tsx:10:1)} @ http://localhost:5173/src/main.tsx:18
[ 2745680ms] ReferenceError: messagesEndRef is not defined
    at ChatPanel (http://localhost:5173/src/components/guided-setup/ChatPanel.tsx?t=1778204118970:223:44)
    at renderWithHooks (http://localhost:5173/node_modules/.vite/deps/chunk-WERSD76P.js?v=f48ef99d:11548:26)
    at mountIndeterminateComponent (http://localhost:5173/node_modules/.vite/deps/chunk-WERSD76P.js?v=f48ef99d:14926:21)
    at beginWork (http://localhost:5173/node_modules/.vite/deps/chunk-WERSD76P.js?v=f48ef99d:15914:22)
    at HTMLUnknownElement.callCallback2 (http://localhost:5173/node_modules/.vite/deps/chunk-WERSD76P.js?v=f48ef99d:3674:22)
    at Object.invokeGuardedCallbackDev (http://localhost:5173/node_modules/.vite/deps/chunk-WERSD76P.js?v=f48ef99d:3699:24)
    at invokeGuardedCallback (http://localhost:5173/node_modules/.vite/deps/chunk-WERSD76P.js?v=f48ef99d:3733:39)
    at beginWork$1 (http://localhost:5173/node_modules/.vite/deps/chunk-WERSD76P.js?v=f48ef99d:19765:15)
    at performUnitOfWork (http://localhost:5173/node_modules/.vite/deps/chunk-WERSD76P.js?v=f48ef99d:19198:20)
    at workLoopSync (http://localhost:5173/node_modules/.vite/deps/chunk-WERSD76P.js?v=f48ef99d:19137:13)
[ 2745682ms] ReferenceError: messagesEndRef is not defined
    at ChatPanel (http://localhost:5173/src/components/guided-setup/ChatPanel.tsx?t=1778204118970:223:44)
    at renderWithHooks (http://localhost:5173/node_modules/.vite/deps/chunk-WERSD76P.js?v=f48ef99d:11548:26)
    at mountIndeterminateComponent (http://localhost:5173/node_modules/.vite/deps/chunk-WERSD76P.js?v=f48ef99d:14926:21)
    at beginWork (http://localhost:5173/node_modules/.vite/deps/chunk-WERSD76P.js?v=f48ef99d:15914:22)
    at HTMLUnknownElement.callCallback2 (http://localhost:5173/node_modules/.vite/deps/chunk-WERSD76P.js?v=f48ef99d:3674:22)
    at Object.invokeGuardedCallbackDev (http://localhost:5173/node_modules/.vite/deps/chunk-WERSD76P.js?v=f48ef99d:3699:24)
    at invokeGuardedCallback (http://localhost:5173/node_modules/.vite/deps/chunk-WERSD76P.js?v=f48ef99d:3733:39)
    at beginWork$1 (http://localhost:5173/node_modules/.vite/deps/chunk-WERSD76P.js?v=f48ef99d:19765:15)
    at performUnitOfWork (http://localhost:5173/node_modules/.vite/deps/chunk-WERSD76P.js?v=f48ef99d:19198:20)
    at workLoopSync (http://localhost:5173/node_modules/.vite/deps/chunk-WERSD76P.js?v=f48ef99d:19137:13)
[ 2745683ms] [ERROR] The above error occurred in the <ChatPanel> component:

    at ChatPanel (http://localhost:5173/src/components/guided-setup/ChatPanel.tsx?t=1778204118970:64:29)
    at div
    at div
    at main
    at div
    at GuidedSetupView (http://localhost:5173/src/views/GuidedSetupView.tsx?t=1778201694333:28:20)
    at RenderedRoute (http://localhost:5173/node_modules/.vite/deps/react-router-dom.js?v=f48ef99d:4131:5)
    at Routes (http://localhost:5173/node_modules/.vite/deps/react-router-dom.js?v=f48ef99d:4601:5)
    at main
    at div
    at Layout (http://localhost:5173/src/components/Layout.tsx?t=1778201991642:39:26)
    at Router (http://localhost:5173/node_modules/.vite/deps/react-router-dom.js?v=f48ef99d:4544:15)
    at BrowserRouter (http://localhost:5173/node_modules/.vite/deps/react-router-dom.js?v=f48ef99d:5290:5)
    at AppInner (http://localhost:5173/src/App.tsx?t=1778201991642:44:3)
    at ToastProvider (http://localhost:5173/src/hooks/useToast.tsx?t=1778201991642:21:33)
    at QueryClientProvider (http://localhost:5173/node_modules/.vite/deps/@tanstack_react-query.js?v=f48ef99d:3194:3)
    at App
    at RootErrorBoundary (http://localhost:5173/src/main.tsx:10:1)

React will try to recreate this component tree from scratch using the error boundary you provided, RootErrorBoundary. @ http://localhost:5173/node_modules/.vite/deps/chunk-WERSD76P.js?v=f48ef99d:14031
[ 2745683ms] [ERROR] ErrorBoundary caught an error: ReferenceError: messagesEndRef is not defined
    at ChatPanel (http://localhost:5173/src/components/guided-setup/ChatPanel.tsx?t=1778204118970:223:44)
    at renderWithHooks (http://localhost:5173/node_modules/.vite/deps/chunk-WERSD76P.js?v=f48ef99d:11548:26)
    at mountIndeterminateComponent (http://localhost:5173/node_modules/.vite/deps/chunk-WERSD76P.js?v=f48ef99d:14926:21)
    at beginWork (http://localhost:5173/node_modules/.vite/deps/chunk-WERSD76P.js?v=f48ef99d:15914:22)
    at beginWork$1 (http://localhost:5173/node_modules/.vite/deps/chunk-WERSD76P.js?v=f48ef99d:19753:22)
    at performUnitOfWork (http://localhost:5173/node_modules/.vite/deps/chunk-WERSD76P.js?v=f48ef99d:19198:20)
    at workLoopSync (http://localhost:5173/node_modules/.vite/deps/chunk-WERSD76P.js?v=f48ef99d:19137:13)
    at renderRootSync (http://localhost:5173/node_modules/.vite/deps/chunk-WERSD76P.js?v=f48ef99d:19116:15)
    at recoverFromConcurrentError (http://localhost:5173/node_modules/.vite/deps/chunk-WERSD76P.js?v=f48ef99d:18736:28)
    at performSyncWorkOnRoot (http://localhost:5173/node_modules/.vite/deps/chunk-WERSD76P.js?v=f48ef99d:18879:28) {componentStack: 
    at ChatPanel (http://localhost:5173/src/compo…oundary (http://localhost:5173/src/main.tsx:10:1)} @ http://localhost:5173/src/main.tsx:18
