[     117ms] [INFO] %cDownload the React DevTools for a better development experience: https://reactjs.org/link/react-devtools font-weight:bold @ http://localhost:5173/node_modules/.vite/deps/chunk-WERSD76P.js?v=f48ef99d:21550
[     152ms] [WARNING] ⚠️ React Router Future Flag Warning: React Router will begin wrapping state updates in `React.startTransition` in v7. You can use the `v7_startTransition` future flag to opt-in early. For more information, see https://reactrouter.com/v6/upgrading/future#v7_starttransition. @ http://localhost:5173/node_modules/.vite/deps/react-router-dom.js?v=f48ef99d:4435
[     152ms] [WARNING] ⚠️ React Router Future Flag Warning: Relative route resolution within Splat routes is changing in v7. You can use the `v7_relativeSplatPath` future flag to opt-in early. For more information, see https://reactrouter.com/v6/upgrading/future#v7_relativesplatpath. @ http://localhost:5173/node_modules/.vite/deps/react-router-dom.js?v=f48ef99d:4435
[  196722ms] [ERROR] Query data cannot be undefined. Please make sure to return a value other than undefined from your query function. Affected query key: ["planning-storyboard-cards","0a53cb6b-3faa-46ba-b2cf-2bf3675aec81"] @ http://localhost:5173/node_modules/.vite/deps/@tanstack_react-query.js?v=f48ef99d:1198
[  198093ms] [ERROR] Failed to load resource: the server responded with a status of 404 (Not Found) @ http://localhost:5173/story-development/flow/stages?project_id=0a53cb6b-3faa-46ba-b2cf-2bf3675aec81:0
[  201033ms] TypeError: Cannot read properties of undefined (reading 'map')
    at RoleModelChecker (http://localhost:5173/src/components/checker/RoleModelChecker.tsx:122:99)
    at renderWithHooks (http://localhost:5173/node_modules/.vite/deps/chunk-WERSD76P.js?v=f48ef99d:11548:26)
    at updateFunctionComponent (http://localhost:5173/node_modules/.vite/deps/chunk-WERSD76P.js?v=f48ef99d:14582:28)
    at beginWork (http://localhost:5173/node_modules/.vite/deps/chunk-WERSD76P.js?v=f48ef99d:15924:22)
    at HTMLUnknownElement.callCallback2 (http://localhost:5173/node_modules/.vite/deps/chunk-WERSD76P.js?v=f48ef99d:3674:22)
    at Object.invokeGuardedCallbackDev (http://localhost:5173/node_modules/.vite/deps/chunk-WERSD76P.js?v=f48ef99d:3699:24)
    at invokeGuardedCallback (http://localhost:5173/node_modules/.vite/deps/chunk-WERSD76P.js?v=f48ef99d:3733:39)
    at beginWork$1 (http://localhost:5173/node_modules/.vite/deps/chunk-WERSD76P.js?v=f48ef99d:19765:15)
    at performUnitOfWork (http://localhost:5173/node_modules/.vite/deps/chunk-WERSD76P.js?v=f48ef99d:19198:20)
    at workLoopSync (http://localhost:5173/node_modules/.vite/deps/chunk-WERSD76P.js?v=f48ef99d:19137:13)
[  201035ms] TypeError: Cannot read properties of undefined (reading 'map')
    at RoleModelChecker (http://localhost:5173/src/components/checker/RoleModelChecker.tsx:122:99)
    at renderWithHooks (http://localhost:5173/node_modules/.vite/deps/chunk-WERSD76P.js?v=f48ef99d:11548:26)
    at updateFunctionComponent (http://localhost:5173/node_modules/.vite/deps/chunk-WERSD76P.js?v=f48ef99d:14582:28)
    at beginWork (http://localhost:5173/node_modules/.vite/deps/chunk-WERSD76P.js?v=f48ef99d:15924:22)
    at HTMLUnknownElement.callCallback2 (http://localhost:5173/node_modules/.vite/deps/chunk-WERSD76P.js?v=f48ef99d:3674:22)
    at Object.invokeGuardedCallbackDev (http://localhost:5173/node_modules/.vite/deps/chunk-WERSD76P.js?v=f48ef99d:3699:24)
    at invokeGuardedCallback (http://localhost:5173/node_modules/.vite/deps/chunk-WERSD76P.js?v=f48ef99d:3733:39)
    at beginWork$1 (http://localhost:5173/node_modules/.vite/deps/chunk-WERSD76P.js?v=f48ef99d:19765:15)
    at performUnitOfWork (http://localhost:5173/node_modules/.vite/deps/chunk-WERSD76P.js?v=f48ef99d:19198:20)
    at workLoopSync (http://localhost:5173/node_modules/.vite/deps/chunk-WERSD76P.js?v=f48ef99d:19137:13)
[  201037ms] [ERROR] The above error occurred in the <RoleModelChecker> component:

    at RoleModelChecker (http://localhost:5173/src/components/checker/RoleModelChecker.tsx:20:36)
    at div
    at main
    at div
    at PlanningView (http://localhost:5173/src/views/PlanningView.tsx:104:25)
    at RenderedRoute (http://localhost:5173/node_modules/.vite/deps/react-router-dom.js?v=f48ef99d:4131:5)
    at Outlet (http://localhost:5173/node_modules/.vite/deps/react-router-dom.js?v=f48ef99d:4537:26)
    at div
    at div
    at main
    at div
    at WorkspaceShell (http://localhost:5173/src/components/WorkspaceShell.tsx?t=1778132750356:29:34)
    at Workspace (http://localhost:5173/src/views/Workspace.tsx?t=1778132750356:25:25)
    at RenderedRoute (http://localhost:5173/node_modules/.vite/deps/react-router-dom.js?v=f48ef99d:4131:5)
    at Routes (http://localhost:5173/node_modules/.vite/deps/react-router-dom.js?v=f48ef99d:4601:5)
    at main
    at div
    at Layout (http://localhost:5173/src/components/Layout.tsx?t=1778132802669:54:26)
    at Router (http://localhost:5173/node_modules/.vite/deps/react-router-dom.js?v=f48ef99d:4544:15)
    at BrowserRouter (http://localhost:5173/node_modules/.vite/deps/react-router-dom.js?v=f48ef99d:5290:5)
    at AppInner (http://localhost:5173/src/App.tsx?t=1778133094167:43:3)
    at ToastProvider (http://localhost:5173/src/hooks/useToast.tsx:20:33)
    at QueryClientProvider (http://localhost:5173/node_modules/.vite/deps/@tanstack_react-query.js?v=f48ef99d:3194:3)
    at App
    at RootErrorBoundary (http://localhost:5173/src/main.tsx:10:1)

React will try to recreate this component tree from scratch using the error boundary you provided, RootErrorBoundary. @ http://localhost:5173/node_modules/.vite/deps/chunk-WERSD76P.js?v=f48ef99d:14031
[  201037ms] [ERROR] ErrorBoundary caught an error: TypeError: Cannot read properties of undefined (reading 'map')
    at RoleModelChecker (http://localhost:5173/src/components/checker/RoleModelChecker.tsx:122:99)
    at renderWithHooks (http://localhost:5173/node_modules/.vite/deps/chunk-WERSD76P.js?v=f48ef99d:11548:26)
    at updateFunctionComponent (http://localhost:5173/node_modules/.vite/deps/chunk-WERSD76P.js?v=f48ef99d:14582:28)
    at beginWork (http://localhost:5173/node_modules/.vite/deps/chunk-WERSD76P.js?v=f48ef99d:15924:22)
    at beginWork$1 (http://localhost:5173/node_modules/.vite/deps/chunk-WERSD76P.js?v=f48ef99d:19753:22)
    at performUnitOfWork (http://localhost:5173/node_modules/.vite/deps/chunk-WERSD76P.js?v=f48ef99d:19198:20)
    at workLoopSync (http://localhost:5173/node_modules/.vite/deps/chunk-WERSD76P.js?v=f48ef99d:19137:13)
    at renderRootSync (http://localhost:5173/node_modules/.vite/deps/chunk-WERSD76P.js?v=f48ef99d:19116:15)
    at recoverFromConcurrentError (http://localhost:5173/node_modules/.vite/deps/chunk-WERSD76P.js?v=f48ef99d:18736:28)
    at performConcurrentWorkOnRoot (http://localhost:5173/node_modules/.vite/deps/chunk-WERSD76P.js?v=f48ef99d:18684:30) {componentStack: 
    at RoleModelChecker (http://localhost:5173/sr…oundary (http://localhost:5173/src/main.tsx:10:1)} @ http://localhost:5173/src/main.tsx:18
[  211777ms] [INFO] %cDownload the React DevTools for a better development experience: https://reactjs.org/link/react-devtools font-weight:bold @ http://localhost:5173/node_modules/.vite/deps/chunk-WERSD76P.js?v=f48ef99d:21550
[  211814ms] [WARNING] ⚠️ React Router Future Flag Warning: React Router will begin wrapping state updates in `React.startTransition` in v7. You can use the `v7_startTransition` future flag to opt-in early. For more information, see https://reactrouter.com/v6/upgrading/future#v7_starttransition. @ http://localhost:5173/node_modules/.vite/deps/react-router-dom.js?v=f48ef99d:4435
[  211814ms] [WARNING] ⚠️ React Router Future Flag Warning: Relative route resolution within Splat routes is changing in v7. You can use the `v7_relativeSplatPath` future flag to opt-in early. For more information, see https://reactrouter.com/v6/upgrading/future#v7_relativesplatpath. @ http://localhost:5173/node_modules/.vite/deps/react-router-dom.js?v=f48ef99d:4435
[  218947ms] TypeError: Cannot read properties of undefined (reading 'map')
    at RoleModelChecker (http://localhost:5173/src/components/checker/RoleModelChecker.tsx:122:99)
    at renderWithHooks (http://localhost:5173/node_modules/.vite/deps/chunk-WERSD76P.js?v=f48ef99d:11548:26)
    at updateFunctionComponent (http://localhost:5173/node_modules/.vite/deps/chunk-WERSD76P.js?v=f48ef99d:14582:28)
    at beginWork (http://localhost:5173/node_modules/.vite/deps/chunk-WERSD76P.js?v=f48ef99d:15924:22)
    at HTMLUnknownElement.callCallback2 (http://localhost:5173/node_modules/.vite/deps/chunk-WERSD76P.js?v=f48ef99d:3674:22)
    at Object.invokeGuardedCallbackDev (http://localhost:5173/node_modules/.vite/deps/chunk-WERSD76P.js?v=f48ef99d:3699:24)
    at invokeGuardedCallback (http://localhost:5173/node_modules/.vite/deps/chunk-WERSD76P.js?v=f48ef99d:3733:39)
    at beginWork$1 (http://localhost:5173/node_modules/.vite/deps/chunk-WERSD76P.js?v=f48ef99d:19765:15)
    at performUnitOfWork (http://localhost:5173/node_modules/.vite/deps/chunk-WERSD76P.js?v=f48ef99d:19198:20)
    at workLoopSync (http://localhost:5173/node_modules/.vite/deps/chunk-WERSD76P.js?v=f48ef99d:19137:13)
[  218949ms] TypeError: Cannot read properties of undefined (reading 'map')
    at RoleModelChecker (http://localhost:5173/src/components/checker/RoleModelChecker.tsx:122:99)
    at renderWithHooks (http://localhost:5173/node_modules/.vite/deps/chunk-WERSD76P.js?v=f48ef99d:11548:26)
    at updateFunctionComponent (http://localhost:5173/node_modules/.vite/deps/chunk-WERSD76P.js?v=f48ef99d:14582:28)
    at beginWork (http://localhost:5173/node_modules/.vite/deps/chunk-WERSD76P.js?v=f48ef99d:15924:22)
    at HTMLUnknownElement.callCallback2 (http://localhost:5173/node_modules/.vite/deps/chunk-WERSD76P.js?v=f48ef99d:3674:22)
    at Object.invokeGuardedCallbackDev (http://localhost:5173/node_modules/.vite/deps/chunk-WERSD76P.js?v=f48ef99d:3699:24)
    at invokeGuardedCallback (http://localhost:5173/node_modules/.vite/deps/chunk-WERSD76P.js?v=f48ef99d:3733:39)
    at beginWork$1 (http://localhost:5173/node_modules/.vite/deps/chunk-WERSD76P.js?v=f48ef99d:19765:15)
    at performUnitOfWork (http://localhost:5173/node_modules/.vite/deps/chunk-WERSD76P.js?v=f48ef99d:19198:20)
    at workLoopSync (http://localhost:5173/node_modules/.vite/deps/chunk-WERSD76P.js?v=f48ef99d:19137:13)
[  218951ms] [ERROR] The above error occurred in the <RoleModelChecker> component:

    at RoleModelChecker (http://localhost:5173/src/components/checker/RoleModelChecker.tsx:20:36)
    at div
    at main
    at div
    at PlanningView (http://localhost:5173/src/views/PlanningView.tsx:104:25)
    at RenderedRoute (http://localhost:5173/node_modules/.vite/deps/react-router-dom.js?v=f48ef99d:4131:5)
    at Outlet (http://localhost:5173/node_modules/.vite/deps/react-router-dom.js?v=f48ef99d:4537:26)
    at div
    at div
    at main
    at div
    at WorkspaceShell (http://localhost:5173/src/components/WorkspaceShell.tsx?t=1778132750356:29:34)
    at Workspace (http://localhost:5173/src/views/Workspace.tsx?t=1778132750356:25:25)
    at RenderedRoute (http://localhost:5173/node_modules/.vite/deps/react-router-dom.js?v=f48ef99d:4131:5)
    at Routes (http://localhost:5173/node_modules/.vite/deps/react-router-dom.js?v=f48ef99d:4601:5)
    at main
    at div
    at Layout (http://localhost:5173/src/components/Layout.tsx?t=1778132802669:54:26)
    at Router (http://localhost:5173/node_modules/.vite/deps/react-router-dom.js?v=f48ef99d:4544:15)
    at BrowserRouter (http://localhost:5173/node_modules/.vite/deps/react-router-dom.js?v=f48ef99d:5290:5)
    at AppInner (http://localhost:5173/src/App.tsx?t=1778133094167:43:3)
    at ToastProvider (http://localhost:5173/src/hooks/useToast.tsx:20:33)
    at QueryClientProvider (http://localhost:5173/node_modules/.vite/deps/@tanstack_react-query.js?v=f48ef99d:3194:3)
    at App
    at RootErrorBoundary (http://localhost:5173/src/main.tsx:10:1)

React will try to recreate this component tree from scratch using the error boundary you provided, RootErrorBoundary. @ http://localhost:5173/node_modules/.vite/deps/chunk-WERSD76P.js?v=f48ef99d:14031
[  218951ms] [ERROR] ErrorBoundary caught an error: TypeError: Cannot read properties of undefined (reading 'map')
    at RoleModelChecker (http://localhost:5173/src/components/checker/RoleModelChecker.tsx:122:99)
    at renderWithHooks (http://localhost:5173/node_modules/.vite/deps/chunk-WERSD76P.js?v=f48ef99d:11548:26)
    at updateFunctionComponent (http://localhost:5173/node_modules/.vite/deps/chunk-WERSD76P.js?v=f48ef99d:14582:28)
    at beginWork (http://localhost:5173/node_modules/.vite/deps/chunk-WERSD76P.js?v=f48ef99d:15924:22)
    at beginWork$1 (http://localhost:5173/node_modules/.vite/deps/chunk-WERSD76P.js?v=f48ef99d:19753:22)
    at performUnitOfWork (http://localhost:5173/node_modules/.vite/deps/chunk-WERSD76P.js?v=f48ef99d:19198:20)
    at workLoopSync (http://localhost:5173/node_modules/.vite/deps/chunk-WERSD76P.js?v=f48ef99d:19137:13)
    at renderRootSync (http://localhost:5173/node_modules/.vite/deps/chunk-WERSD76P.js?v=f48ef99d:19116:15)
    at recoverFromConcurrentError (http://localhost:5173/node_modules/.vite/deps/chunk-WERSD76P.js?v=f48ef99d:18736:28)
    at performConcurrentWorkOnRoot (http://localhost:5173/node_modules/.vite/deps/chunk-WERSD76P.js?v=f48ef99d:18684:30) {componentStack: 
    at RoleModelChecker (http://localhost:5173/sr…oundary (http://localhost:5173/src/main.tsx:10:1)} @ http://localhost:5173/src/main.tsx:18
[  221755ms] [INFO] %cDownload the React DevTools for a better development experience: https://reactjs.org/link/react-devtools font-weight:bold @ http://localhost:5173/node_modules/.vite/deps/chunk-WERSD76P.js?v=f48ef99d:21550
[  221785ms] [WARNING] ⚠️ React Router Future Flag Warning: React Router will begin wrapping state updates in `React.startTransition` in v7. You can use the `v7_startTransition` future flag to opt-in early. For more information, see https://reactrouter.com/v6/upgrading/future#v7_starttransition. @ http://localhost:5173/node_modules/.vite/deps/react-router-dom.js?v=f48ef99d:4435
[  221785ms] [WARNING] ⚠️ React Router Future Flag Warning: Relative route resolution within Splat routes is changing in v7. You can use the `v7_relativeSplatPath` future flag to opt-in early. For more information, see https://reactrouter.com/v6/upgrading/future#v7_relativesplatpath. @ http://localhost:5173/node_modules/.vite/deps/react-router-dom.js?v=f48ef99d:4435
[  230109ms] TypeError: Cannot read properties of undefined (reading 'map')
    at RoleModelChecker (http://localhost:5173/src/components/checker/RoleModelChecker.tsx:122:99)
    at renderWithHooks (http://localhost:5173/node_modules/.vite/deps/chunk-WERSD76P.js?v=f48ef99d:11548:26)
    at updateFunctionComponent (http://localhost:5173/node_modules/.vite/deps/chunk-WERSD76P.js?v=f48ef99d:14582:28)
    at beginWork (http://localhost:5173/node_modules/.vite/deps/chunk-WERSD76P.js?v=f48ef99d:15924:22)
    at HTMLUnknownElement.callCallback2 (http://localhost:5173/node_modules/.vite/deps/chunk-WERSD76P.js?v=f48ef99d:3674:22)
    at Object.invokeGuardedCallbackDev (http://localhost:5173/node_modules/.vite/deps/chunk-WERSD76P.js?v=f48ef99d:3699:24)
    at invokeGuardedCallback (http://localhost:5173/node_modules/.vite/deps/chunk-WERSD76P.js?v=f48ef99d:3733:39)
    at beginWork$1 (http://localhost:5173/node_modules/.vite/deps/chunk-WERSD76P.js?v=f48ef99d:19765:15)
    at performUnitOfWork (http://localhost:5173/node_modules/.vite/deps/chunk-WERSD76P.js?v=f48ef99d:19198:20)
    at workLoopSync (http://localhost:5173/node_modules/.vite/deps/chunk-WERSD76P.js?v=f48ef99d:19137:13)
[  230110ms] TypeError: Cannot read properties of undefined (reading 'map')
    at RoleModelChecker (http://localhost:5173/src/components/checker/RoleModelChecker.tsx:122:99)
    at renderWithHooks (http://localhost:5173/node_modules/.vite/deps/chunk-WERSD76P.js?v=f48ef99d:11548:26)
    at updateFunctionComponent (http://localhost:5173/node_modules/.vite/deps/chunk-WERSD76P.js?v=f48ef99d:14582:28)
    at beginWork (http://localhost:5173/node_modules/.vite/deps/chunk-WERSD76P.js?v=f48ef99d:15924:22)
    at HTMLUnknownElement.callCallback2 (http://localhost:5173/node_modules/.vite/deps/chunk-WERSD76P.js?v=f48ef99d:3674:22)
    at Object.invokeGuardedCallbackDev (http://localhost:5173/node_modules/.vite/deps/chunk-WERSD76P.js?v=f48ef99d:3699:24)
    at invokeGuardedCallback (http://localhost:5173/node_modules/.vite/deps/chunk-WERSD76P.js?v=f48ef99d:3733:39)
    at beginWork$1 (http://localhost:5173/node_modules/.vite/deps/chunk-WERSD76P.js?v=f48ef99d:19765:15)
    at performUnitOfWork (http://localhost:5173/node_modules/.vite/deps/chunk-WERSD76P.js?v=f48ef99d:19198:20)
    at workLoopSync (http://localhost:5173/node_modules/.vite/deps/chunk-WERSD76P.js?v=f48ef99d:19137:13)
[  230111ms] [ERROR] The above error occurred in the <RoleModelChecker> component:

    at RoleModelChecker (http://localhost:5173/src/components/checker/RoleModelChecker.tsx:20:36)
    at div
    at main
    at div
    at PlanningView (http://localhost:5173/src/views/PlanningView.tsx:104:25)
    at RenderedRoute (http://localhost:5173/node_modules/.vite/deps/react-router-dom.js?v=f48ef99d:4131:5)
    at Outlet (http://localhost:5173/node_modules/.vite/deps/react-router-dom.js?v=f48ef99d:4537:26)
    at div
    at div
    at main
    at div
    at WorkspaceShell (http://localhost:5173/src/components/WorkspaceShell.tsx?t=1778132750356:29:34)
    at Workspace (http://localhost:5173/src/views/Workspace.tsx?t=1778132750356:25:25)
    at RenderedRoute (http://localhost:5173/node_modules/.vite/deps/react-router-dom.js?v=f48ef99d:4131:5)
    at Routes (http://localhost:5173/node_modules/.vite/deps/react-router-dom.js?v=f48ef99d:4601:5)
    at main
    at div
    at Layout (http://localhost:5173/src/components/Layout.tsx?t=1778132802669:54:26)
    at Router (http://localhost:5173/node_modules/.vite/deps/react-router-dom.js?v=f48ef99d:4544:15)
    at BrowserRouter (http://localhost:5173/node_modules/.vite/deps/react-router-dom.js?v=f48ef99d:5290:5)
    at AppInner (http://localhost:5173/src/App.tsx?t=1778133094167:43:3)
    at ToastProvider (http://localhost:5173/src/hooks/useToast.tsx:20:33)
    at QueryClientProvider (http://localhost:5173/node_modules/.vite/deps/@tanstack_react-query.js?v=f48ef99d:3194:3)
    at App
    at RootErrorBoundary (http://localhost:5173/src/main.tsx:10:1)

React will try to recreate this component tree from scratch using the error boundary you provided, RootErrorBoundary. @ http://localhost:5173/node_modules/.vite/deps/chunk-WERSD76P.js?v=f48ef99d:14031
[  230111ms] [ERROR] ErrorBoundary caught an error: TypeError: Cannot read properties of undefined (reading 'map')
    at RoleModelChecker (http://localhost:5173/src/components/checker/RoleModelChecker.tsx:122:99)
    at renderWithHooks (http://localhost:5173/node_modules/.vite/deps/chunk-WERSD76P.js?v=f48ef99d:11548:26)
    at updateFunctionComponent (http://localhost:5173/node_modules/.vite/deps/chunk-WERSD76P.js?v=f48ef99d:14582:28)
    at beginWork (http://localhost:5173/node_modules/.vite/deps/chunk-WERSD76P.js?v=f48ef99d:15924:22)
    at beginWork$1 (http://localhost:5173/node_modules/.vite/deps/chunk-WERSD76P.js?v=f48ef99d:19753:22)
    at performUnitOfWork (http://localhost:5173/node_modules/.vite/deps/chunk-WERSD76P.js?v=f48ef99d:19198:20)
    at workLoopSync (http://localhost:5173/node_modules/.vite/deps/chunk-WERSD76P.js?v=f48ef99d:19137:13)
    at renderRootSync (http://localhost:5173/node_modules/.vite/deps/chunk-WERSD76P.js?v=f48ef99d:19116:15)
    at recoverFromConcurrentError (http://localhost:5173/node_modules/.vite/deps/chunk-WERSD76P.js?v=f48ef99d:18736:28)
    at performConcurrentWorkOnRoot (http://localhost:5173/node_modules/.vite/deps/chunk-WERSD76P.js?v=f48ef99d:18684:30) {componentStack: 
    at RoleModelChecker (http://localhost:5173/sr…oundary (http://localhost:5173/src/main.tsx:10:1)} @ http://localhost:5173/src/main.tsx:18
[  233821ms] [INFO] %cDownload the React DevTools for a better development experience: https://reactjs.org/link/react-devtools font-weight:bold @ http://localhost:5173/node_modules/.vite/deps/chunk-WERSD76P.js?v=f48ef99d:21550
[  233845ms] [WARNING] ⚠️ React Router Future Flag Warning: React Router will begin wrapping state updates in `React.startTransition` in v7. You can use the `v7_startTransition` future flag to opt-in early. For more information, see https://reactrouter.com/v6/upgrading/future#v7_starttransition. @ http://localhost:5173/node_modules/.vite/deps/react-router-dom.js?v=f48ef99d:4435
[  233845ms] [WARNING] ⚠️ React Router Future Flag Warning: Relative route resolution within Splat routes is changing in v7. You can use the `v7_relativeSplatPath` future flag to opt-in early. For more information, see https://reactrouter.com/v6/upgrading/future#v7_relativesplatpath. @ http://localhost:5173/node_modules/.vite/deps/react-router-dom.js?v=f48ef99d:4435
[ 3054804ms] [INFO] %cDownload the React DevTools for a better development experience: https://reactjs.org/link/react-devtools font-weight:bold @ http://localhost:5173/node_modules/.vite/deps/chunk-WERSD76P.js?v=f48ef99d:21550
[ 3054846ms] [WARNING] ⚠️ React Router Future Flag Warning: React Router will begin wrapping state updates in `React.startTransition` in v7. You can use the `v7_startTransition` future flag to opt-in early. For more information, see https://reactrouter.com/v6/upgrading/future#v7_starttransition. @ http://localhost:5173/node_modules/.vite/deps/react-router-dom.js?v=f48ef99d:4435
[ 3054846ms] [WARNING] ⚠️ React Router Future Flag Warning: Relative route resolution within Splat routes is changing in v7. You can use the `v7_relativeSplatPath` future flag to opt-in early. For more information, see https://reactrouter.com/v6/upgrading/future#v7_relativesplatpath. @ http://localhost:5173/node_modules/.vite/deps/react-router-dom.js?v=f48ef99d:4435
[ 3270325ms] [INFO] %cDownload the React DevTools for a better development experience: https://reactjs.org/link/react-devtools font-weight:bold @ http://localhost:5173/node_modules/.vite/deps/chunk-WERSD76P.js?v=f48ef99d:21550
[ 3270375ms] [WARNING] ⚠️ React Router Future Flag Warning: React Router will begin wrapping state updates in `React.startTransition` in v7. You can use the `v7_startTransition` future flag to opt-in early. For more information, see https://reactrouter.com/v6/upgrading/future#v7_starttransition. @ http://localhost:5173/node_modules/.vite/deps/react-router-dom.js?v=f48ef99d:4435
[ 3270375ms] [WARNING] ⚠️ React Router Future Flag Warning: Relative route resolution within Splat routes is changing in v7. You can use the `v7_relativeSplatPath` future flag to opt-in early. For more information, see https://reactrouter.com/v6/upgrading/future#v7_relativesplatpath. @ http://localhost:5173/node_modules/.vite/deps/react-router-dom.js?v=f48ef99d:4435
[ 3284073ms] [INFO] %cDownload the React DevTools for a better development experience: https://reactjs.org/link/react-devtools font-weight:bold @ http://localhost:5173/node_modules/.vite/deps/chunk-WERSD76P.js?v=f48ef99d:21550
[ 3284104ms] [WARNING] ⚠️ React Router Future Flag Warning: React Router will begin wrapping state updates in `React.startTransition` in v7. You can use the `v7_startTransition` future flag to opt-in early. For more information, see https://reactrouter.com/v6/upgrading/future#v7_starttransition. @ http://localhost:5173/node_modules/.vite/deps/react-router-dom.js?v=f48ef99d:4435
[ 3284105ms] [WARNING] ⚠️ React Router Future Flag Warning: Relative route resolution within Splat routes is changing in v7. You can use the `v7_relativeSplatPath` future flag to opt-in early. For more information, see https://reactrouter.com/v6/upgrading/future#v7_relativesplatpath. @ http://localhost:5173/node_modules/.vite/deps/react-router-dom.js?v=f48ef99d:4435
[ 3477839ms] [ERROR] Failed to load resource: the server responded with a status of 500 (Internal Server Error) @ http://localhost:5173/src/components/writing/DraftArtifactCard.tsx?t=1778136585190:0
[ 3477839ms] [ERROR] [hmr] Failed to reload /src/components/writing/DraftArtifactCard.tsx. This could be due to syntax errors or importing non-existent modules. (see errors above) @ http://localhost:5173/@vite/client:175
[ 3707682ms] [ERROR] Warning: React has detected a change in the order of Hooks called by %s. This will lead to bugs and errors if not fixed. For more information, read the Rules of Hooks: https://reactjs.org/link/rules-of-hooks

   Previous render            Next render
   ------------------------------------------------------
%s   ^^^^^^^^^^^^^^^^^^^^^^^^^^^^^^^^^^^^^^^^^^^^^^^^^^^^^^
%s WritingView 1. useContext                 useContext
2. useRef                     useRef
3. useMemo                    useMemo
4. useSyncExternalStore       useSyncExternalStore
5. useEffect                  useEffect
6. useDebugValue              useDebugValue
7. useDebugValue              useDebugValue
8. useContext                 useContext
9. useState                   useState
10. useState                  useState
11. useState                  useState
12. useState                  useState
13. useState                  useState
14. useContext                useState
 
    at WritingView (http://localhost:5173/src/views/WritingView.tsx?t=1778136815013:29:25)
    at RenderedRoute (http://localhost:5173/node_modules/.vite/deps/react-router-dom.js?v=f48ef99d:4131:5)
    at Outlet (http://localhost:5173/node_modules/.vite/deps/react-router-dom.js?v=f48ef99d:4537:26)
    at div
    at div
    at main
    at div
    at WorkspaceShell (http://localhost:5173/src/components/WorkspaceShell.tsx?t=1778132750356:29:34)
    at Workspace (http://localhost:5173/src/views/Workspace.tsx?t=1778132750356:25:25)
    at RenderedRoute (http://localhost:5173/node_modules/.vite/deps/react-router-dom.js?v=f48ef99d:4131:5)
    at Routes (http://localhost:5173/node_modules/.vite/deps/react-router-dom.js?v=f48ef99d:4601:5)
    at main
    at div
    at Layout (http://localhost:5173/src/components/Layout.tsx?t=1778132802669:54:26)
    at Router (http://localhost:5173/node_modules/.vite/deps/react-router-dom.js?v=f48ef99d:4544:15)
    at BrowserRouter (http://localhost:5173/node_modules/.vite/deps/react-router-dom.js?v=f48ef99d:5290:5)
    at AppInner (http://localhost:5173/src/App.tsx?t=1778136188221:43:3)
    at ToastProvider (http://localhost:5173/src/hooks/useToast.tsx:20:33)
    at QueryClientProvider (http://localhost:5173/node_modules/.vite/deps/@tanstack_react-query.js?v=f48ef99d:3194:3)
    at App
    at RootErrorBoundary (http://localhost:5173/src/main.tsx:10:1) @ http://localhost:5173/node_modules/.vite/deps/chunk-WERSD76P.js?v=f48ef99d:520
[ 3707683ms] Error: Should have a queue. This is likely a bug in React. Please file an issue.
    at updateReducer (http://localhost:5173/node_modules/.vite/deps/chunk-WERSD76P.js?v=f48ef99d:11730:19)
    at updateState (http://localhost:5173/node_modules/.vite/deps/chunk-WERSD76P.js?v=f48ef99d:12021:18)
    at Object.useState (http://localhost:5173/node_modules/.vite/deps/chunk-WERSD76P.js?v=f48ef99d:12753:24)
    at useState (http://localhost:5173/node_modules/.vite/deps/chunk-3TFVT2CW.js?v=f48ef99d:1066:29)
    at useWritingView (http://localhost:5173/src/hooks/useWritingView.ts?t=1778136815013:24:45)
    at WritingView (http://localhost:5173/src/views/WritingView.tsx?t=1778136815013:67:7)
    at renderWithHooks (http://localhost:5173/node_modules/.vite/deps/chunk-WERSD76P.js?v=f48ef99d:11548:26)
    at updateFunctionComponent (http://localhost:5173/node_modules/.vite/deps/chunk-WERSD76P.js?v=f48ef99d:14582:28)
    at beginWork (http://localhost:5173/node_modules/.vite/deps/chunk-WERSD76P.js?v=f48ef99d:15924:22)
    at HTMLUnknownElement.callCallback2 (http://localhost:5173/node_modules/.vite/deps/chunk-WERSD76P.js?v=f48ef99d:3674:22)
[ 3707683ms] Error: Should have a queue. This is likely a bug in React. Please file an issue.
    at updateReducer (http://localhost:5173/node_modules/.vite/deps/chunk-WERSD76P.js?v=f48ef99d:11730:19)
    at updateState (http://localhost:5173/node_modules/.vite/deps/chunk-WERSD76P.js?v=f48ef99d:12021:18)
    at Object.useState (http://localhost:5173/node_modules/.vite/deps/chunk-WERSD76P.js?v=f48ef99d:12753:24)
    at useState (http://localhost:5173/node_modules/.vite/deps/chunk-3TFVT2CW.js?v=f48ef99d:1066:29)
    at useWritingView (http://localhost:5173/src/hooks/useWritingView.ts?t=1778136815013:24:45)
    at WritingView (http://localhost:5173/src/views/WritingView.tsx?t=1778136815013:67:7)
    at renderWithHooks (http://localhost:5173/node_modules/.vite/deps/chunk-WERSD76P.js?v=f48ef99d:11548:26)
    at updateFunctionComponent (http://localhost:5173/node_modules/.vite/deps/chunk-WERSD76P.js?v=f48ef99d:14582:28)
    at beginWork (http://localhost:5173/node_modules/.vite/deps/chunk-WERSD76P.js?v=f48ef99d:15924:22)
    at HTMLUnknownElement.callCallback2 (http://localhost:5173/node_modules/.vite/deps/chunk-WERSD76P.js?v=f48ef99d:3674:22)
[ 3707685ms] [ERROR] The above error occurred in the <WritingView> component:

    at WritingView (http://localhost:5173/src/views/WritingView.tsx?t=1778136815013:29:25)
    at RenderedRoute (http://localhost:5173/node_modules/.vite/deps/react-router-dom.js?v=f48ef99d:4131:5)
    at Outlet (http://localhost:5173/node_modules/.vite/deps/react-router-dom.js?v=f48ef99d:4537:26)
    at div
    at div
    at main
    at div
    at WorkspaceShell (http://localhost:5173/src/components/WorkspaceShell.tsx?t=1778132750356:29:34)
    at Workspace (http://localhost:5173/src/views/Workspace.tsx?t=1778132750356:25:25)
    at RenderedRoute (http://localhost:5173/node_modules/.vite/deps/react-router-dom.js?v=f48ef99d:4131:5)
    at Routes (http://localhost:5173/node_modules/.vite/deps/react-router-dom.js?v=f48ef99d:4601:5)
    at main
    at div
    at Layout (http://localhost:5173/src/components/Layout.tsx?t=1778132802669:54:26)
    at Router (http://localhost:5173/node_modules/.vite/deps/react-router-dom.js?v=f48ef99d:4544:15)
    at BrowserRouter (http://localhost:5173/node_modules/.vite/deps/react-router-dom.js?v=f48ef99d:5290:5)
    at AppInner (http://localhost:5173/src/App.tsx?t=1778136188221:43:3)
    at ToastProvider (http://localhost:5173/src/hooks/useToast.tsx:20:33)
    at QueryClientProvider (http://localhost:5173/node_modules/.vite/deps/@tanstack_react-query.js?v=f48ef99d:3194:3)
    at App
    at RootErrorBoundary (http://localhost:5173/src/main.tsx:10:1)

React will try to recreate this component tree from scratch using the error boundary you provided, RootErrorBoundary. @ http://localhost:5173/node_modules/.vite/deps/chunk-WERSD76P.js?v=f48ef99d:14031
[ 3707685ms] [ERROR] ErrorBoundary caught an error: Error: Should have a queue. This is likely a bug in React. Please file an issue.
    at updateReducer (http://localhost:5173/node_modules/.vite/deps/chunk-WERSD76P.js?v=f48ef99d:11730:19)
    at updateState (http://localhost:5173/node_modules/.vite/deps/chunk-WERSD76P.js?v=f48ef99d:12021:18)
    at Object.useState (http://localhost:5173/node_modules/.vite/deps/chunk-WERSD76P.js?v=f48ef99d:12753:24)
    at useState (http://localhost:5173/node_modules/.vite/deps/chunk-3TFVT2CW.js?v=f48ef99d:1066:29)
    at useWritingView (http://localhost:5173/src/hooks/useWritingView.ts?t=1778136815013:24:45)
    at WritingView (http://localhost:5173/src/views/WritingView.tsx?t=1778136815013:67:7)
    at renderWithHooks (http://localhost:5173/node_modules/.vite/deps/chunk-WERSD76P.js?v=f48ef99d:11548:26)
    at updateFunctionComponent (http://localhost:5173/node_modules/.vite/deps/chunk-WERSD76P.js?v=f48ef99d:14582:28)
    at beginWork (http://localhost:5173/node_modules/.vite/deps/chunk-WERSD76P.js?v=f48ef99d:15924:22)
    at beginWork$1 (http://localhost:5173/node_modules/.vite/deps/chunk-WERSD76P.js?v=f48ef99d:19753:22) {componentStack: 
    at WritingView (http://localhost:5173/src/vie…oundary (http://localhost:5173/src/main.tsx:10:1)} @ http://localhost:5173/src/main.tsx:18
[ 3718618ms] Error: Should have a queue. This is likely a bug in React. Please file an issue.
    at updateReducer (http://localhost:5173/node_modules/.vite/deps/chunk-WERSD76P.js?v=f48ef99d:11730:19)
    at updateState (http://localhost:5173/node_modules/.vite/deps/chunk-WERSD76P.js?v=f48ef99d:12021:18)
    at Object.useState (http://localhost:5173/node_modules/.vite/deps/chunk-WERSD76P.js?v=f48ef99d:12753:24)
    at useState (http://localhost:5173/node_modules/.vite/deps/chunk-3TFVT2CW.js?v=f48ef99d:1066:29)
    at useManuscriptAssist (http://localhost:5173/src/hooks/useManuscriptAssist.ts:18:45)
    at WritingView (http://localhost:5173/src/views/WritingView.tsx?t=1778136825950:68:18)
    at renderWithHooks (http://localhost:5173/node_modules/.vite/deps/chunk-WERSD76P.js?v=f48ef99d:11548:26)
    at updateFunctionComponent (http://localhost:5173/node_modules/.vite/deps/chunk-WERSD76P.js?v=f48ef99d:14582:28)
    at beginWork (http://localhost:5173/node_modules/.vite/deps/chunk-WERSD76P.js?v=f48ef99d:15924:22)
    at HTMLUnknownElement.callCallback2 (http://localhost:5173/node_modules/.vite/deps/chunk-WERSD76P.js?v=f48ef99d:3674:22)
[ 3718619ms] Error: Should have a queue. This is likely a bug in React. Please file an issue.
    at updateReducer (http://localhost:5173/node_modules/.vite/deps/chunk-WERSD76P.js?v=f48ef99d:11730:19)
    at updateState (http://localhost:5173/node_modules/.vite/deps/chunk-WERSD76P.js?v=f48ef99d:12021:18)
    at Object.useState (http://localhost:5173/node_modules/.vite/deps/chunk-WERSD76P.js?v=f48ef99d:12753:24)
    at useState (http://localhost:5173/node_modules/.vite/deps/chunk-3TFVT2CW.js?v=f48ef99d:1066:29)
    at useManuscriptAssist (http://localhost:5173/src/hooks/useManuscriptAssist.ts:18:45)
    at WritingView (http://localhost:5173/src/views/WritingView.tsx?t=1778136825950:68:18)
    at renderWithHooks (http://localhost:5173/node_modules/.vite/deps/chunk-WERSD76P.js?v=f48ef99d:11548:26)
    at updateFunctionComponent (http://localhost:5173/node_modules/.vite/deps/chunk-WERSD76P.js?v=f48ef99d:14582:28)
    at beginWork (http://localhost:5173/node_modules/.vite/deps/chunk-WERSD76P.js?v=f48ef99d:15924:22)
    at HTMLUnknownElement.callCallback2 (http://localhost:5173/node_modules/.vite/deps/chunk-WERSD76P.js?v=f48ef99d:3674:22)
[ 3718620ms] [ERROR] The above error occurred in the <WritingView> component:

    at WritingView (http://localhost:5173/src/views/WritingView.tsx?t=1778136825950:29:25)
    at RenderedRoute (http://localhost:5173/node_modules/.vite/deps/react-router-dom.js?v=f48ef99d:4131:5)
    at Outlet (http://localhost:5173/node_modules/.vite/deps/react-router-dom.js?v=f48ef99d:4537:26)
    at div
    at div
    at main
    at div
    at WorkspaceShell (http://localhost:5173/src/components/WorkspaceShell.tsx?t=1778132750356:29:34)
    at Workspace (http://localhost:5173/src/views/Workspace.tsx?t=1778132750356:25:25)
    at RenderedRoute (http://localhost:5173/node_modules/.vite/deps/react-router-dom.js?v=f48ef99d:4131:5)
    at Routes (http://localhost:5173/node_modules/.vite/deps/react-router-dom.js?v=f48ef99d:4601:5)
    at main
    at div
    at Layout (http://localhost:5173/src/components/Layout.tsx?t=1778132802669:54:26)
    at Router (http://localhost:5173/node_modules/.vite/deps/react-router-dom.js?v=f48ef99d:4544:15)
    at BrowserRouter (http://localhost:5173/node_modules/.vite/deps/react-router-dom.js?v=f48ef99d:5290:5)
    at AppInner (http://localhost:5173/src/App.tsx?t=1778136188221:43:3)
    at ToastProvider (http://localhost:5173/src/hooks/useToast.tsx:20:33)
    at QueryClientProvider (http://localhost:5173/node_modules/.vite/deps/@tanstack_react-query.js?v=f48ef99d:3194:3)
    at App
    at RootErrorBoundary (http://localhost:5173/src/main.tsx:10:1)

React will try to recreate this component tree from scratch using the error boundary you provided, RootErrorBoundary. @ http://localhost:5173/node_modules/.vite/deps/chunk-WERSD76P.js?v=f48ef99d:14031
[ 3718620ms] [ERROR] ErrorBoundary caught an error: Error: Should have a queue. This is likely a bug in React. Please file an issue.
    at updateReducer (http://localhost:5173/node_modules/.vite/deps/chunk-WERSD76P.js?v=f48ef99d:11730:19)
    at updateState (http://localhost:5173/node_modules/.vite/deps/chunk-WERSD76P.js?v=f48ef99d:12021:18)
    at Object.useState (http://localhost:5173/node_modules/.vite/deps/chunk-WERSD76P.js?v=f48ef99d:12753:24)
    at useState (http://localhost:5173/node_modules/.vite/deps/chunk-3TFVT2CW.js?v=f48ef99d:1066:29)
    at useManuscriptAssist (http://localhost:5173/src/hooks/useManuscriptAssist.ts:18:45)
    at WritingView (http://localhost:5173/src/views/WritingView.tsx?t=1778136825950:68:18)
    at renderWithHooks (http://localhost:5173/node_modules/.vite/deps/chunk-WERSD76P.js?v=f48ef99d:11548:26)
    at updateFunctionComponent (http://localhost:5173/node_modules/.vite/deps/chunk-WERSD76P.js?v=f48ef99d:14582:28)
    at beginWork (http://localhost:5173/node_modules/.vite/deps/chunk-WERSD76P.js?v=f48ef99d:15924:22)
    at beginWork$1 (http://localhost:5173/node_modules/.vite/deps/chunk-WERSD76P.js?v=f48ef99d:19753:22) {componentStack: 
    at WritingView (http://localhost:5173/src/vie…oundary (http://localhost:5173/src/main.tsx:10:1)} @ http://localhost:5173/src/main.tsx:18
[ 3984317ms] [INFO] %cDownload the React DevTools for a better development experience: https://reactjs.org/link/react-devtools font-weight:bold @ http://localhost:5173/node_modules/.vite/deps/chunk-WERSD76P.js?v=f48ef99d:21550
[ 3984354ms] [WARNING] ⚠️ React Router Future Flag Warning: React Router will begin wrapping state updates in `React.startTransition` in v7. You can use the `v7_startTransition` future flag to opt-in early. For more information, see https://reactrouter.com/v6/upgrading/future#v7_starttransition. @ http://localhost:5173/node_modules/.vite/deps/react-router-dom.js?v=f48ef99d:4435
[ 3984354ms] [WARNING] ⚠️ React Router Future Flag Warning: Relative route resolution within Splat routes is changing in v7. You can use the `v7_relativeSplatPath` future flag to opt-in early. For more information, see https://reactrouter.com/v6/upgrading/future#v7_relativesplatpath. @ http://localhost:5173/node_modules/.vite/deps/react-router-dom.js?v=f48ef99d:4435
[ 3985553ms] [INFO] %cDownload the React DevTools for a better development experience: https://reactjs.org/link/react-devtools font-weight:bold @ http://localhost:5173/node_modules/.vite/deps/chunk-WERSD76P.js?v=f48ef99d:21550
[ 3985586ms] [WARNING] ⚠️ React Router Future Flag Warning: React Router will begin wrapping state updates in `React.startTransition` in v7. You can use the `v7_startTransition` future flag to opt-in early. For more information, see https://reactrouter.com/v6/upgrading/future#v7_starttransition. @ http://localhost:5173/node_modules/.vite/deps/react-router-dom.js?v=f48ef99d:4435
[ 3985586ms] [WARNING] ⚠️ React Router Future Flag Warning: Relative route resolution within Splat routes is changing in v7. You can use the `v7_relativeSplatPath` future flag to opt-in early. For more information, see https://reactrouter.com/v6/upgrading/future#v7_relativesplatpath. @ http://localhost:5173/node_modules/.vite/deps/react-router-dom.js?v=f48ef99d:4435
