[     117ms] [INFO] %cDownload the React DevTools for a better development experience: https://reactjs.org/link/react-devtools font-weight:bold @ http://localhost:5173/node_modules/.vite/deps/chunk-WERSD76P.js?v=f48ef99d:21550
[     135ms] [WARNING] ⚠️ React Router Future Flag Warning: React Router will begin wrapping state updates in `React.startTransition` in v7. You can use the `v7_startTransition` future flag to opt-in early. For more information, see https://reactrouter.com/v6/upgrading/future#v7_starttransition. @ http://localhost:5173/node_modules/.vite/deps/react-router-dom.js?v=f48ef99d:4435
[     136ms] [WARNING] ⚠️ React Router Future Flag Warning: Relative route resolution within Splat routes is changing in v7. You can use the `v7_relativeSplatPath` future flag to opt-in early. For more information, see https://reactrouter.com/v6/upgrading/future#v7_relativesplatpath. @ http://localhost:5173/node_modules/.vite/deps/react-router-dom.js?v=f48ef99d:4435
[  116305ms] [ERROR] Failed to load resource: the server responded with a status of 405 (Method Not Allowed) @ http://localhost:5173/projects/bdcc95f4-f156-4623-a55d-b7f4082ef014:0
[31771360ms] [ERROR] Failed to load resource: the server responded with a status of 500 (Internal Server Error) @ http://localhost:5173/src/views/ProjectList.tsx?t=1778193090531:0
[31771360ms] [ERROR] [hmr] Failed to reload /src/views/ProjectList.tsx. This could be due to syntax errors or importing non-existent modules. (see errors above) @ http://localhost:5173/@vite/client:175
[32656540ms] [INFO] %cDownload the React DevTools for a better development experience: https://reactjs.org/link/react-devtools font-weight:bold @ http://localhost:5173/node_modules/.vite/deps/chunk-WERSD76P.js?v=f48ef99d:21550
[32656577ms] [WARNING] ⚠️ React Router Future Flag Warning: React Router will begin wrapping state updates in `React.startTransition` in v7. You can use the `v7_startTransition` future flag to opt-in early. For more information, see https://reactrouter.com/v6/upgrading/future#v7_starttransition. @ http://localhost:5173/node_modules/.vite/deps/react-router-dom.js?v=f48ef99d:4435
[32656577ms] [WARNING] ⚠️ React Router Future Flag Warning: Relative route resolution within Splat routes is changing in v7. You can use the `v7_relativeSplatPath` future flag to opt-in early. For more information, see https://reactrouter.com/v6/upgrading/future#v7_relativesplatpath. @ http://localhost:5173/node_modules/.vite/deps/react-router-dom.js?v=f48ef99d:4435
[33342085ms] [ERROR] Warning: You are calling ReactDOMClient.createRoot() on a container that has already been passed to createRoot() before. Instead, call root.render() on the existing root instead if you want to update it. @ http://localhost:5173/node_modules/.vite/deps/chunk-WERSD76P.js?v=f48ef99d:520
[33351368ms] [ERROR] Warning: You are calling ReactDOMClient.createRoot() on a container that has already been passed to createRoot() before. Instead, call root.render() on the existing root instead if you want to update it. @ http://localhost:5173/node_modules/.vite/deps/chunk-WERSD76P.js?v=f48ef99d:520
[33356700ms] [ERROR] Warning: You are calling ReactDOMClient.createRoot() on a container that has already been passed to createRoot() before. Instead, call root.render() on the existing root instead if you want to update it. @ http://localhost:5173/node_modules/.vite/deps/chunk-WERSD76P.js?v=f48ef99d:520
[33366661ms] [ERROR] Warning: You are calling ReactDOMClient.createRoot() on a container that has already been passed to createRoot() before. Instead, call root.render() on the existing root instead if you want to update it. @ http://localhost:5173/node_modules/.vite/deps/chunk-WERSD76P.js?v=f48ef99d:520
[33392179ms] [ERROR] Warning: You are calling ReactDOMClient.createRoot() on a container that has already been passed to createRoot() before. Instead, call root.render() on the existing root instead if you want to update it. @ http://localhost:5173/node_modules/.vite/deps/chunk-WERSD76P.js?v=f48ef99d:520
[33395162ms] [ERROR] Warning: You are calling ReactDOMClient.createRoot() on a container that has already been passed to createRoot() before. Instead, call root.render() on the existing root instead if you want to update it. @ http://localhost:5173/node_modules/.vite/deps/chunk-WERSD76P.js?v=f48ef99d:520
[33493413ms] NotFoundError: Failed to execute 'removeChild' on 'Node': The node to be removed is not a child of this node.
    at removeChildFromContainer (http://localhost:5173/node_modules/.vite/deps/chunk-WERSD76P.js?v=f48ef99d:8462:23)
    at commitDeletionEffectsOnFiber (http://localhost:5173/node_modules/.vite/deps/chunk-WERSD76P.js?v=f48ef99d:17508:21)
    at recursivelyTraverseDeletionEffects (http://localhost:5173/node_modules/.vite/deps/chunk-WERSD76P.js?v=f48ef99d:17486:13)
    at commitDeletionEffectsOnFiber (http://localhost:5173/node_modules/.vite/deps/chunk-WERSD76P.js?v=f48ef99d:17577:15)
    at commitDeletionEffects (http://localhost:5173/node_modules/.vite/deps/chunk-WERSD76P.js?v=f48ef99d:17477:13)
    at recursivelyTraverseMutationEffects (http://localhost:5173/node_modules/.vite/deps/chunk-WERSD76P.js?v=f48ef99d:17674:17)
    at commitMutationEffectsOnFiber (http://localhost:5173/node_modules/.vite/deps/chunk-WERSD76P.js?v=f48ef99d:17896:15)
    at recursivelyTraverseMutationEffects (http://localhost:5173/node_modules/.vite/deps/chunk-WERSD76P.js?v=f48ef99d:17685:15)
    at commitMutationEffectsOnFiber (http://localhost:5173/node_modules/.vite/deps/chunk-WERSD76P.js?v=f48ef99d:17896:15)
    at recursivelyTraverseMutationEffects (http://localhost:5173/node_modules/.vite/deps/chunk-WERSD76P.js?v=f48ef99d:17685:15)
[33493417ms] [ERROR] The above error occurred in the <Layout> component:

    at Layout (http://localhost:5173/src/components/Layout.tsx?t=1778194791012:39:26)
    at Router (http://localhost:5173/node_modules/.vite/deps/react-router-dom.js?v=f48ef99d:4544:15)
    at BrowserRouter (http://localhost:5173/node_modules/.vite/deps/react-router-dom.js?v=f48ef99d:5290:5)
    at AppInner (http://localhost:5173/src/App.tsx?t=1778194708287:43:3)
    at ToastProvider (http://localhost:5173/src/hooks/useToast.tsx?t=1778193974565:20:33)
    at QueryClientProvider (http://localhost:5173/node_modules/.vite/deps/@tanstack_react-query.js?v=f48ef99d:3194:3)
    at App
    at RootErrorBoundary (http://localhost:5173/src/main.tsx:10:1)

React will try to recreate this component tree from scratch using the error boundary you provided, RootErrorBoundary. @ http://localhost:5173/node_modules/.vite/deps/chunk-WERSD76P.js?v=f48ef99d:14031
[33493417ms] [ERROR] ErrorBoundary caught an error: NotFoundError: Failed to execute 'removeChild' on 'Node': The node to be removed is not a child of this node.
    at removeChildFromContainer (http://localhost:5173/node_modules/.vite/deps/chunk-WERSD76P.js?v=f48ef99d:8462:23)
    at commitDeletionEffectsOnFiber (http://localhost:5173/node_modules/.vite/deps/chunk-WERSD76P.js?v=f48ef99d:17508:21)
    at recursivelyTraverseDeletionEffects (http://localhost:5173/node_modules/.vite/deps/chunk-WERSD76P.js?v=f48ef99d:17486:13)
    at commitDeletionEffectsOnFiber (http://localhost:5173/node_modules/.vite/deps/chunk-WERSD76P.js?v=f48ef99d:17577:15)
    at commitDeletionEffects (http://localhost:5173/node_modules/.vite/deps/chunk-WERSD76P.js?v=f48ef99d:17477:13)
    at recursivelyTraverseMutationEffects (http://localhost:5173/node_modules/.vite/deps/chunk-WERSD76P.js?v=f48ef99d:17674:17)
    at commitMutationEffectsOnFiber (http://localhost:5173/node_modules/.vite/deps/chunk-WERSD76P.js?v=f48ef99d:17896:15)
    at recursivelyTraverseMutationEffects (http://localhost:5173/node_modules/.vite/deps/chunk-WERSD76P.js?v=f48ef99d:17685:15)
    at commitMutationEffectsOnFiber (http://localhost:5173/node_modules/.vite/deps/chunk-WERSD76P.js?v=f48ef99d:17896:15)
    at recursivelyTraverseMutationEffects (http://localhost:5173/node_modules/.vite/deps/chunk-WERSD76P.js?v=f48ef99d:17685:15) {componentStack: 
    at Layout (http://localhost:5173/src/componen…oundary (http://localhost:5173/src/main.tsx:10:1)} @ http://localhost:5173/src/main.tsx:18
[33493450ms] NotFoundError: Failed to execute 'removeChild' on 'Node': The node to be removed is not a child of this node.
    at removeChildFromContainer (http://localhost:5173/node_modules/.vite/deps/chunk-WERSD76P.js?v=f48ef99d:8462:23)
    at commitDeletionEffectsOnFiber (http://localhost:5173/node_modules/.vite/deps/chunk-WERSD76P.js?v=f48ef99d:17508:21)
    at recursivelyTraverseDeletionEffects (http://localhost:5173/node_modules/.vite/deps/chunk-WERSD76P.js?v=f48ef99d:17486:13)
    at commitDeletionEffectsOnFiber (http://localhost:5173/node_modules/.vite/deps/chunk-WERSD76P.js?v=f48ef99d:17577:15)
    at commitDeletionEffects (http://localhost:5173/node_modules/.vite/deps/chunk-WERSD76P.js?v=f48ef99d:17477:13)
    at recursivelyTraverseMutationEffects (http://localhost:5173/node_modules/.vite/deps/chunk-WERSD76P.js?v=f48ef99d:17674:17)
    at commitMutationEffectsOnFiber (http://localhost:5173/node_modules/.vite/deps/chunk-WERSD76P.js?v=f48ef99d:17896:15)
    at recursivelyTraverseMutationEffects (http://localhost:5173/node_modules/.vite/deps/chunk-WERSD76P.js?v=f48ef99d:17685:15)
    at commitMutationEffectsOnFiber (http://localhost:5173/node_modules/.vite/deps/chunk-WERSD76P.js?v=f48ef99d:17896:15)
    at recursivelyTraverseMutationEffects (http://localhost:5173/node_modules/.vite/deps/chunk-WERSD76P.js?v=f48ef99d:17685:15)
[33493453ms] [ERROR] The above error occurred in the <Layout> component:

    at Layout (http://localhost:5173/src/components/Layout.tsx?t=1778194812524:39:26)
    at Router (http://localhost:5173/node_modules/.vite/deps/react-router-dom.js?v=f48ef99d:4544:15)
    at BrowserRouter (http://localhost:5173/node_modules/.vite/deps/react-router-dom.js?v=f48ef99d:5290:5)
    at AppInner (http://localhost:5173/src/App.tsx?t=1778194708287:43:3)
    at ToastProvider (http://localhost:5173/src/hooks/useToast.tsx?t=1778193974565:20:33)
    at QueryClientProvider (http://localhost:5173/node_modules/.vite/deps/@tanstack_react-query.js?v=f48ef99d:3194:3)
    at App
    at RootErrorBoundary (http://localhost:5173/src/main.tsx?t=1778194661211:10:1)

React will try to recreate this component tree from scratch using the error boundary you provided, RootErrorBoundary. @ http://localhost:5173/node_modules/.vite/deps/chunk-WERSD76P.js?v=f48ef99d:14031
[33493454ms] [ERROR] ErrorBoundary caught an error: NotFoundError: Failed to execute 'removeChild' on 'Node': The node to be removed is not a child of this node.
    at removeChildFromContainer (http://localhost:5173/node_modules/.vite/deps/chunk-WERSD76P.js?v=f48ef99d:8462:23)
    at commitDeletionEffectsOnFiber (http://localhost:5173/node_modules/.vite/deps/chunk-WERSD76P.js?v=f48ef99d:17508:21)
    at recursivelyTraverseDeletionEffects (http://localhost:5173/node_modules/.vite/deps/chunk-WERSD76P.js?v=f48ef99d:17486:13)
    at commitDeletionEffectsOnFiber (http://localhost:5173/node_modules/.vite/deps/chunk-WERSD76P.js?v=f48ef99d:17577:15)
    at commitDeletionEffects (http://localhost:5173/node_modules/.vite/deps/chunk-WERSD76P.js?v=f48ef99d:17477:13)
    at recursivelyTraverseMutationEffects (http://localhost:5173/node_modules/.vite/deps/chunk-WERSD76P.js?v=f48ef99d:17674:17)
    at commitMutationEffectsOnFiber (http://localhost:5173/node_modules/.vite/deps/chunk-WERSD76P.js?v=f48ef99d:17896:15)
    at recursivelyTraverseMutationEffects (http://localhost:5173/node_modules/.vite/deps/chunk-WERSD76P.js?v=f48ef99d:17685:15)
    at commitMutationEffectsOnFiber (http://localhost:5173/node_modules/.vite/deps/chunk-WERSD76P.js?v=f48ef99d:17896:15)
    at recursivelyTraverseMutationEffects (http://localhost:5173/node_modules/.vite/deps/chunk-WERSD76P.js?v=f48ef99d:17685:15) {componentStack: 
    at Layout (http://localhost:5173/src/componen…localhost:5173/src/main.tsx?t=1778194661211:10:1)} @ http://localhost:5173/src/main.tsx?t=1778194661211:18
[33493467ms] NotFoundError: Failed to execute 'removeChild' on 'Node': The node to be removed is not a child of this node.
    at removeChildFromContainer (http://localhost:5173/node_modules/.vite/deps/chunk-WERSD76P.js?v=f48ef99d:8462:23)
    at commitDeletionEffectsOnFiber (http://localhost:5173/node_modules/.vite/deps/chunk-WERSD76P.js?v=f48ef99d:17508:21)
    at recursivelyTraverseDeletionEffects (http://localhost:5173/node_modules/.vite/deps/chunk-WERSD76P.js?v=f48ef99d:17486:13)
    at commitDeletionEffectsOnFiber (http://localhost:5173/node_modules/.vite/deps/chunk-WERSD76P.js?v=f48ef99d:17577:15)
    at commitDeletionEffects (http://localhost:5173/node_modules/.vite/deps/chunk-WERSD76P.js?v=f48ef99d:17477:13)
    at recursivelyTraverseMutationEffects (http://localhost:5173/node_modules/.vite/deps/chunk-WERSD76P.js?v=f48ef99d:17674:17)
    at commitMutationEffectsOnFiber (http://localhost:5173/node_modules/.vite/deps/chunk-WERSD76P.js?v=f48ef99d:17896:15)
    at recursivelyTraverseMutationEffects (http://localhost:5173/node_modules/.vite/deps/chunk-WERSD76P.js?v=f48ef99d:17685:15)
    at commitMutationEffectsOnFiber (http://localhost:5173/node_modules/.vite/deps/chunk-WERSD76P.js?v=f48ef99d:17896:15)
    at recursivelyTraverseMutationEffects (http://localhost:5173/node_modules/.vite/deps/chunk-WERSD76P.js?v=f48ef99d:17685:15)
[33493470ms] [ERROR] The above error occurred in the <Layout> component:

    at Layout (http://localhost:5173/src/components/Layout.tsx?t=1778194812524:39:26)
    at Router (http://localhost:5173/node_modules/.vite/deps/react-router-dom.js?v=f48ef99d:4544:15)
    at BrowserRouter (http://localhost:5173/node_modules/.vite/deps/react-router-dom.js?v=f48ef99d:5290:5)
    at AppInner (http://localhost:5173/src/App.tsx?t=1778194708287:43:3)
    at ToastProvider (http://localhost:5173/src/hooks/useToast.tsx?t=1778193974565:20:33)
    at QueryClientProvider (http://localhost:5173/node_modules/.vite/deps/@tanstack_react-query.js?v=f48ef99d:3194:3)
    at App
    at RootErrorBoundary (http://localhost:5173/src/main.tsx?t=1778194670498:10:1)

React will try to recreate this component tree from scratch using the error boundary you provided, RootErrorBoundary. @ http://localhost:5173/node_modules/.vite/deps/chunk-WERSD76P.js?v=f48ef99d:14031
[33493470ms] [ERROR] ErrorBoundary caught an error: NotFoundError: Failed to execute 'removeChild' on 'Node': The node to be removed is not a child of this node.
    at removeChildFromContainer (http://localhost:5173/node_modules/.vite/deps/chunk-WERSD76P.js?v=f48ef99d:8462:23)
    at commitDeletionEffectsOnFiber (http://localhost:5173/node_modules/.vite/deps/chunk-WERSD76P.js?v=f48ef99d:17508:21)
    at recursivelyTraverseDeletionEffects (http://localhost:5173/node_modules/.vite/deps/chunk-WERSD76P.js?v=f48ef99d:17486:13)
    at commitDeletionEffectsOnFiber (http://localhost:5173/node_modules/.vite/deps/chunk-WERSD76P.js?v=f48ef99d:17577:15)
    at commitDeletionEffects (http://localhost:5173/node_modules/.vite/deps/chunk-WERSD76P.js?v=f48ef99d:17477:13)
    at recursivelyTraverseMutationEffects (http://localhost:5173/node_modules/.vite/deps/chunk-WERSD76P.js?v=f48ef99d:17674:17)
    at commitMutationEffectsOnFiber (http://localhost:5173/node_modules/.vite/deps/chunk-WERSD76P.js?v=f48ef99d:17896:15)
    at recursivelyTraverseMutationEffects (http://localhost:5173/node_modules/.vite/deps/chunk-WERSD76P.js?v=f48ef99d:17685:15)
    at commitMutationEffectsOnFiber (http://localhost:5173/node_modules/.vite/deps/chunk-WERSD76P.js?v=f48ef99d:17896:15)
    at recursivelyTraverseMutationEffects (http://localhost:5173/node_modules/.vite/deps/chunk-WERSD76P.js?v=f48ef99d:17685:15) {componentStack: 
    at Layout (http://localhost:5173/src/componen…localhost:5173/src/main.tsx?t=1778194670498:10:1)} @ http://localhost:5173/src/main.tsx?t=1778194670498:18
[33493482ms] NotFoundError: Failed to execute 'removeChild' on 'Node': The node to be removed is not a child of this node.
    at removeChildFromContainer (http://localhost:5173/node_modules/.vite/deps/chunk-WERSD76P.js?v=f48ef99d:8462:23)
    at commitDeletionEffectsOnFiber (http://localhost:5173/node_modules/.vite/deps/chunk-WERSD76P.js?v=f48ef99d:17508:21)
    at recursivelyTraverseDeletionEffects (http://localhost:5173/node_modules/.vite/deps/chunk-WERSD76P.js?v=f48ef99d:17486:13)
    at commitDeletionEffectsOnFiber (http://localhost:5173/node_modules/.vite/deps/chunk-WERSD76P.js?v=f48ef99d:17577:15)
    at commitDeletionEffects (http://localhost:5173/node_modules/.vite/deps/chunk-WERSD76P.js?v=f48ef99d:17477:13)
    at recursivelyTraverseMutationEffects (http://localhost:5173/node_modules/.vite/deps/chunk-WERSD76P.js?v=f48ef99d:17674:17)
    at commitMutationEffectsOnFiber (http://localhost:5173/node_modules/.vite/deps/chunk-WERSD76P.js?v=f48ef99d:17896:15)
    at recursivelyTraverseMutationEffects (http://localhost:5173/node_modules/.vite/deps/chunk-WERSD76P.js?v=f48ef99d:17685:15)
    at commitMutationEffectsOnFiber (http://localhost:5173/node_modules/.vite/deps/chunk-WERSD76P.js?v=f48ef99d:17896:15)
    at recursivelyTraverseMutationEffects (http://localhost:5173/node_modules/.vite/deps/chunk-WERSD76P.js?v=f48ef99d:17685:15)
[33493484ms] [ERROR] The above error occurred in the <Layout> component:

    at Layout (http://localhost:5173/src/components/Layout.tsx?t=1778194812524:39:26)
    at Router (http://localhost:5173/node_modules/.vite/deps/react-router-dom.js?v=f48ef99d:4544:15)
    at BrowserRouter (http://localhost:5173/node_modules/.vite/deps/react-router-dom.js?v=f48ef99d:5290:5)
    at AppInner (http://localhost:5173/src/App.tsx?t=1778194708287:43:3)
    at ToastProvider (http://localhost:5173/src/hooks/useToast.tsx?t=1778193974565:20:33)
    at QueryClientProvider (http://localhost:5173/node_modules/.vite/deps/@tanstack_react-query.js?v=f48ef99d:3194:3)
    at App
    at RootErrorBoundary (http://localhost:5173/src/main.tsx?t=1778194675818:10:1)

React will try to recreate this component tree from scratch using the error boundary you provided, RootErrorBoundary. @ http://localhost:5173/node_modules/.vite/deps/chunk-WERSD76P.js?v=f48ef99d:14031
[33493485ms] [ERROR] ErrorBoundary caught an error: NotFoundError: Failed to execute 'removeChild' on 'Node': The node to be removed is not a child of this node.
    at removeChildFromContainer (http://localhost:5173/node_modules/.vite/deps/chunk-WERSD76P.js?v=f48ef99d:8462:23)
    at commitDeletionEffectsOnFiber (http://localhost:5173/node_modules/.vite/deps/chunk-WERSD76P.js?v=f48ef99d:17508:21)
    at recursivelyTraverseDeletionEffects (http://localhost:5173/node_modules/.vite/deps/chunk-WERSD76P.js?v=f48ef99d:17486:13)
    at commitDeletionEffectsOnFiber (http://localhost:5173/node_modules/.vite/deps/chunk-WERSD76P.js?v=f48ef99d:17577:15)
    at commitDeletionEffects (http://localhost:5173/node_modules/.vite/deps/chunk-WERSD76P.js?v=f48ef99d:17477:13)
    at recursivelyTraverseMutationEffects (http://localhost:5173/node_modules/.vite/deps/chunk-WERSD76P.js?v=f48ef99d:17674:17)
    at commitMutationEffectsOnFiber (http://localhost:5173/node_modules/.vite/deps/chunk-WERSD76P.js?v=f48ef99d:17896:15)
    at recursivelyTraverseMutationEffects (http://localhost:5173/node_modules/.vite/deps/chunk-WERSD76P.js?v=f48ef99d:17685:15)
    at commitMutationEffectsOnFiber (http://localhost:5173/node_modules/.vite/deps/chunk-WERSD76P.js?v=f48ef99d:17896:15)
    at recursivelyTraverseMutationEffects (http://localhost:5173/node_modules/.vite/deps/chunk-WERSD76P.js?v=f48ef99d:17685:15) {componentStack: 
    at Layout (http://localhost:5173/src/componen…localhost:5173/src/main.tsx?t=1778194675818:10:1)} @ http://localhost:5173/src/main.tsx?t=1778194675818:18
[33493494ms] NotFoundError: Failed to execute 'removeChild' on 'Node': The node to be removed is not a child of this node.
    at removeChildFromContainer (http://localhost:5173/node_modules/.vite/deps/chunk-WERSD76P.js?v=f48ef99d:8462:23)
    at commitDeletionEffectsOnFiber (http://localhost:5173/node_modules/.vite/deps/chunk-WERSD76P.js?v=f48ef99d:17508:21)
    at recursivelyTraverseDeletionEffects (http://localhost:5173/node_modules/.vite/deps/chunk-WERSD76P.js?v=f48ef99d:17486:13)
    at commitDeletionEffectsOnFiber (http://localhost:5173/node_modules/.vite/deps/chunk-WERSD76P.js?v=f48ef99d:17577:15)
    at commitDeletionEffects (http://localhost:5173/node_modules/.vite/deps/chunk-WERSD76P.js?v=f48ef99d:17477:13)
    at recursivelyTraverseMutationEffects (http://localhost:5173/node_modules/.vite/deps/chunk-WERSD76P.js?v=f48ef99d:17674:17)
    at commitMutationEffectsOnFiber (http://localhost:5173/node_modules/.vite/deps/chunk-WERSD76P.js?v=f48ef99d:17896:15)
    at recursivelyTraverseMutationEffects (http://localhost:5173/node_modules/.vite/deps/chunk-WERSD76P.js?v=f48ef99d:17685:15)
    at commitMutationEffectsOnFiber (http://localhost:5173/node_modules/.vite/deps/chunk-WERSD76P.js?v=f48ef99d:17896:15)
    at recursivelyTraverseMutationEffects (http://localhost:5173/node_modules/.vite/deps/chunk-WERSD76P.js?v=f48ef99d:17685:15)
[33493497ms] [ERROR] The above error occurred in the <Layout> component:

    at Layout (http://localhost:5173/src/components/Layout.tsx?t=1778194812524:39:26)
    at Router (http://localhost:5173/node_modules/.vite/deps/react-router-dom.js?v=f48ef99d:4544:15)
    at BrowserRouter (http://localhost:5173/node_modules/.vite/deps/react-router-dom.js?v=f48ef99d:5290:5)
    at AppInner (http://localhost:5173/src/App.tsx?t=1778194708287:43:3)
    at ToastProvider (http://localhost:5173/src/hooks/useToast.tsx?t=1778193974565:20:33)
    at QueryClientProvider (http://localhost:5173/node_modules/.vite/deps/@tanstack_react-query.js?v=f48ef99d:3194:3)
    at App
    at RootErrorBoundary (http://localhost:5173/src/main.tsx?t=1778194685791:10:1)

React will try to recreate this component tree from scratch using the error boundary you provided, RootErrorBoundary. @ http://localhost:5173/node_modules/.vite/deps/chunk-WERSD76P.js?v=f48ef99d:14031
[33493497ms] [ERROR] ErrorBoundary caught an error: NotFoundError: Failed to execute 'removeChild' on 'Node': The node to be removed is not a child of this node.
    at removeChildFromContainer (http://localhost:5173/node_modules/.vite/deps/chunk-WERSD76P.js?v=f48ef99d:8462:23)
    at commitDeletionEffectsOnFiber (http://localhost:5173/node_modules/.vite/deps/chunk-WERSD76P.js?v=f48ef99d:17508:21)
    at recursivelyTraverseDeletionEffects (http://localhost:5173/node_modules/.vite/deps/chunk-WERSD76P.js?v=f48ef99d:17486:13)
    at commitDeletionEffectsOnFiber (http://localhost:5173/node_modules/.vite/deps/chunk-WERSD76P.js?v=f48ef99d:17577:15)
    at commitDeletionEffects (http://localhost:5173/node_modules/.vite/deps/chunk-WERSD76P.js?v=f48ef99d:17477:13)
    at recursivelyTraverseMutationEffects (http://localhost:5173/node_modules/.vite/deps/chunk-WERSD76P.js?v=f48ef99d:17674:17)
    at commitMutationEffectsOnFiber (http://localhost:5173/node_modules/.vite/deps/chunk-WERSD76P.js?v=f48ef99d:17896:15)
    at recursivelyTraverseMutationEffects (http://localhost:5173/node_modules/.vite/deps/chunk-WERSD76P.js?v=f48ef99d:17685:15)
    at commitMutationEffectsOnFiber (http://localhost:5173/node_modules/.vite/deps/chunk-WERSD76P.js?v=f48ef99d:17896:15)
    at recursivelyTraverseMutationEffects (http://localhost:5173/node_modules/.vite/deps/chunk-WERSD76P.js?v=f48ef99d:17685:15) {componentStack: 
    at Layout (http://localhost:5173/src/componen…localhost:5173/src/main.tsx?t=1778194685791:10:1)} @ http://localhost:5173/src/main.tsx?t=1778194685791:18
[33493504ms] NotFoundError: Failed to execute 'removeChild' on 'Node': The node to be removed is not a child of this node.
    at removeChildFromContainer (http://localhost:5173/node_modules/.vite/deps/chunk-WERSD76P.js?v=f48ef99d:8462:23)
    at commitDeletionEffectsOnFiber (http://localhost:5173/node_modules/.vite/deps/chunk-WERSD76P.js?v=f48ef99d:17508:21)
    at recursivelyTraverseDeletionEffects (http://localhost:5173/node_modules/.vite/deps/chunk-WERSD76P.js?v=f48ef99d:17486:13)
    at commitDeletionEffectsOnFiber (http://localhost:5173/node_modules/.vite/deps/chunk-WERSD76P.js?v=f48ef99d:17577:15)
    at commitDeletionEffects (http://localhost:5173/node_modules/.vite/deps/chunk-WERSD76P.js?v=f48ef99d:17477:13)
    at recursivelyTraverseMutationEffects (http://localhost:5173/node_modules/.vite/deps/chunk-WERSD76P.js?v=f48ef99d:17674:17)
    at commitMutationEffectsOnFiber (http://localhost:5173/node_modules/.vite/deps/chunk-WERSD76P.js?v=f48ef99d:17896:15)
    at recursivelyTraverseMutationEffects (http://localhost:5173/node_modules/.vite/deps/chunk-WERSD76P.js?v=f48ef99d:17685:15)
    at commitMutationEffectsOnFiber (http://localhost:5173/node_modules/.vite/deps/chunk-WERSD76P.js?v=f48ef99d:17896:15)
    at recursivelyTraverseMutationEffects (http://localhost:5173/node_modules/.vite/deps/chunk-WERSD76P.js?v=f48ef99d:17685:15)
[33493506ms] [ERROR] The above error occurred in the <Layout> component:

    at Layout (http://localhost:5173/src/components/Layout.tsx?t=1778194812524:39:26)
    at Router (http://localhost:5173/node_modules/.vite/deps/react-router-dom.js?v=f48ef99d:4544:15)
    at BrowserRouter (http://localhost:5173/node_modules/.vite/deps/react-router-dom.js?v=f48ef99d:5290:5)
    at AppInner (http://localhost:5173/src/App.tsx?t=1778194708287:43:3)
    at ToastProvider (http://localhost:5173/src/hooks/useToast.tsx?t=1778193974565:20:33)
    at QueryClientProvider (http://localhost:5173/node_modules/.vite/deps/@tanstack_react-query.js?v=f48ef99d:3194:3)
    at App
    at RootErrorBoundary (http://localhost:5173/src/main.tsx?t=1778194711291:10:1)

React will try to recreate this component tree from scratch using the error boundary you provided, RootErrorBoundary. @ http://localhost:5173/node_modules/.vite/deps/chunk-WERSD76P.js?v=f48ef99d:14031
[33493507ms] [ERROR] ErrorBoundary caught an error: NotFoundError: Failed to execute 'removeChild' on 'Node': The node to be removed is not a child of this node.
    at removeChildFromContainer (http://localhost:5173/node_modules/.vite/deps/chunk-WERSD76P.js?v=f48ef99d:8462:23)
    at commitDeletionEffectsOnFiber (http://localhost:5173/node_modules/.vite/deps/chunk-WERSD76P.js?v=f48ef99d:17508:21)
    at recursivelyTraverseDeletionEffects (http://localhost:5173/node_modules/.vite/deps/chunk-WERSD76P.js?v=f48ef99d:17486:13)
    at commitDeletionEffectsOnFiber (http://localhost:5173/node_modules/.vite/deps/chunk-WERSD76P.js?v=f48ef99d:17577:15)
    at commitDeletionEffects (http://localhost:5173/node_modules/.vite/deps/chunk-WERSD76P.js?v=f48ef99d:17477:13)
    at recursivelyTraverseMutationEffects (http://localhost:5173/node_modules/.vite/deps/chunk-WERSD76P.js?v=f48ef99d:17674:17)
    at commitMutationEffectsOnFiber (http://localhost:5173/node_modules/.vite/deps/chunk-WERSD76P.js?v=f48ef99d:17896:15)
    at recursivelyTraverseMutationEffects (http://localhost:5173/node_modules/.vite/deps/chunk-WERSD76P.js?v=f48ef99d:17685:15)
    at commitMutationEffectsOnFiber (http://localhost:5173/node_modules/.vite/deps/chunk-WERSD76P.js?v=f48ef99d:17896:15)
    at recursivelyTraverseMutationEffects (http://localhost:5173/node_modules/.vite/deps/chunk-WERSD76P.js?v=f48ef99d:17685:15) {componentStack: 
    at Layout (http://localhost:5173/src/componen…localhost:5173/src/main.tsx?t=1778194711291:10:1)} @ http://localhost:5173/src/main.tsx?t=1778194711291:18
[33533870ms] [ERROR] Warning: You are calling ReactDOMClient.createRoot() on a container that has already been passed to createRoot() before. Instead, call root.render() on the existing root instead if you want to update it. @ http://localhost:5173/node_modules/.vite/deps/chunk-WERSD76P.js?v=f48ef99d:520
[33550494ms] [ERROR] Warning: You are calling ReactDOMClient.createRoot() on a container that has already been passed to createRoot() before. Instead, call root.render() on the existing root instead if you want to update it. @ http://localhost:5173/node_modules/.vite/deps/chunk-WERSD76P.js?v=f48ef99d:520
[33554989ms] [ERROR] Warning: You are calling ReactDOMClient.createRoot() on a container that has already been passed to createRoot() before. Instead, call root.render() on the existing root instead if you want to update it. @ http://localhost:5173/node_modules/.vite/deps/chunk-WERSD76P.js?v=f48ef99d:520
[37465721ms] [ERROR] Failed to load resource: the server responded with a status of 404 (Not Found) @ http://localhost:5173/projects/guided-setup/analyze:0
[37658731ms] [INFO] %cDownload the React DevTools for a better development experience: https://reactjs.org/link/react-devtools font-weight:bold @ http://localhost:5173/node_modules/.vite/deps/chunk-WERSD76P.js?v=f48ef99d:21550
[37658771ms] [WARNING] ⚠️ React Router Future Flag Warning: React Router will begin wrapping state updates in `React.startTransition` in v7. You can use the `v7_startTransition` future flag to opt-in early. For more information, see https://reactrouter.com/v6/upgrading/future#v7_starttransition. @ http://localhost:5173/node_modules/.vite/deps/react-router-dom.js?v=f48ef99d:4435
[37658771ms] [WARNING] ⚠️ React Router Future Flag Warning: Relative route resolution within Splat routes is changing in v7. You can use the `v7_relativeSplatPath` future flag to opt-in early. For more information, see https://reactrouter.com/v6/upgrading/future#v7_relativesplatpath. @ http://localhost:5173/node_modules/.vite/deps/react-router-dom.js?v=f48ef99d:4435
[37707779ms] [ERROR] Failed to load resource: the server responded with a status of 500 (Internal Server Error) @ http://localhost:5173/projects/guided-setup/analyze:0
