[      97ms] [INFO] %cDownload the React DevTools for a better development experience: https://reactjs.org/link/react-devtools font-weight:bold @ http://localhost:5173/node_modules/.vite/deps/chunk-WERSD76P.js?v=f48ef99d:21550
[     125ms] [WARNING] ⚠️ React Router Future Flag Warning: React Router will begin wrapping state updates in `React.startTransition` in v7. You can use the `v7_startTransition` future flag to opt-in early. For more information, see https://reactrouter.com/v6/upgrading/future#v7_starttransition. @ http://localhost:5173/node_modules/.vite/deps/react-router-dom.js?v=f48ef99d:4435
[     125ms] [WARNING] ⚠️ React Router Future Flag Warning: Relative route resolution within Splat routes is changing in v7. You can use the `v7_relativeSplatPath` future flag to opt-in early. For more information, see https://reactrouter.com/v6/upgrading/future#v7_relativesplatpath. @ http://localhost:5173/node_modules/.vite/deps/react-router-dom.js?v=f48ef99d:4435
[   36514ms] ReferenceError: handleCreateSession is not defined
    at BrainDumpView (http://localhost:5173/src/views/BrainDumpView.tsx?t=1778130474785:267:20)
    at renderWithHooks (http://localhost:5173/node_modules/.vite/deps/chunk-WERSD76P.js?v=f48ef99d:11548:26)
    at updateFunctionComponent (http://localhost:5173/node_modules/.vite/deps/chunk-WERSD76P.js?v=f48ef99d:14582:28)
    at beginWork (http://localhost:5173/node_modules/.vite/deps/chunk-WERSD76P.js?v=f48ef99d:15924:22)
    at HTMLUnknownElement.callCallback2 (http://localhost:5173/node_modules/.vite/deps/chunk-WERSD76P.js?v=f48ef99d:3674:22)
    at Object.invokeGuardedCallbackDev (http://localhost:5173/node_modules/.vite/deps/chunk-WERSD76P.js?v=f48ef99d:3699:24)
    at invokeGuardedCallback (http://localhost:5173/node_modules/.vite/deps/chunk-WERSD76P.js?v=f48ef99d:3733:39)
    at beginWork$1 (http://localhost:5173/node_modules/.vite/deps/chunk-WERSD76P.js?v=f48ef99d:19765:15)
    at performUnitOfWork (http://localhost:5173/node_modules/.vite/deps/chunk-WERSD76P.js?v=f48ef99d:19198:20)
    at workLoopSync (http://localhost:5173/node_modules/.vite/deps/chunk-WERSD76P.js?v=f48ef99d:19137:13)
[   36516ms] ReferenceError: handleCreateSession is not defined
    at BrainDumpView (http://localhost:5173/src/views/BrainDumpView.tsx?t=1778130474785:267:20)
    at renderWithHooks (http://localhost:5173/node_modules/.vite/deps/chunk-WERSD76P.js?v=f48ef99d:11548:26)
    at updateFunctionComponent (http://localhost:5173/node_modules/.vite/deps/chunk-WERSD76P.js?v=f48ef99d:14582:28)
    at beginWork (http://localhost:5173/node_modules/.vite/deps/chunk-WERSD76P.js?v=f48ef99d:15924:22)
    at HTMLUnknownElement.callCallback2 (http://localhost:5173/node_modules/.vite/deps/chunk-WERSD76P.js?v=f48ef99d:3674:22)
    at Object.invokeGuardedCallbackDev (http://localhost:5173/node_modules/.vite/deps/chunk-WERSD76P.js?v=f48ef99d:3699:24)
    at invokeGuardedCallback (http://localhost:5173/node_modules/.vite/deps/chunk-WERSD76P.js?v=f48ef99d:3733:39)
    at beginWork$1 (http://localhost:5173/node_modules/.vite/deps/chunk-WERSD76P.js?v=f48ef99d:19765:15)
    at performUnitOfWork (http://localhost:5173/node_modules/.vite/deps/chunk-WERSD76P.js?v=f48ef99d:19198:20)
    at workLoopSync (http://localhost:5173/node_modules/.vite/deps/chunk-WERSD76P.js?v=f48ef99d:19137:13)
[   36517ms] [ERROR] The above error occurred in the <BrainDumpView> component:

    at BrainDumpView (http://localhost:5173/src/views/BrainDumpView.tsx?t=1778130474785:32:25)
    at RenderedRoute (http://localhost:5173/node_modules/.vite/deps/react-router-dom.js?v=f48ef99d:4131:5)
    at Outlet (http://localhost:5173/node_modules/.vite/deps/react-router-dom.js?v=f48ef99d:4537:26)
    at div
    at div
    at main
    at div
    at WorkspaceShell (http://localhost:5173/src/components/WorkspaceShell.tsx:28:34)
    at Workspace (http://localhost:5173/src/views/Workspace.tsx?t=1778128328743:25:25)
    at RenderedRoute (http://localhost:5173/node_modules/.vite/deps/react-router-dom.js?v=f48ef99d:4131:5)
    at Routes (http://localhost:5173/node_modules/.vite/deps/react-router-dom.js?v=f48ef99d:4601:5)
    at main
    at div
    at Layout (http://localhost:5173/src/components/Layout.tsx?t=1778128620570:54:26)
    at Router (http://localhost:5173/node_modules/.vite/deps/react-router-dom.js?v=f48ef99d:4544:15)
    at BrowserRouter (http://localhost:5173/node_modules/.vite/deps/react-router-dom.js?v=f48ef99d:5290:5)
    at AppInner (http://localhost:5173/src/App.tsx?t=1778128899360:43:3)
    at ToastProvider (http://localhost:5173/src/hooks/useToast.tsx:20:33)
    at QueryClientProvider (http://localhost:5173/node_modules/.vite/deps/@tanstack_react-query.js?v=f48ef99d:3194:3)
    at App
    at RootErrorBoundary (http://localhost:5173/src/main.tsx:10:1)

React will try to recreate this component tree from scratch using the error boundary you provided, RootErrorBoundary. @ http://localhost:5173/node_modules/.vite/deps/chunk-WERSD76P.js?v=f48ef99d:14031
[   36518ms] [ERROR] ErrorBoundary caught an error: ReferenceError: handleCreateSession is not defined
    at BrainDumpView (http://localhost:5173/src/views/BrainDumpView.tsx?t=1778130474785:267:20)
    at renderWithHooks (http://localhost:5173/node_modules/.vite/deps/chunk-WERSD76P.js?v=f48ef99d:11548:26)
    at updateFunctionComponent (http://localhost:5173/node_modules/.vite/deps/chunk-WERSD76P.js?v=f48ef99d:14582:28)
    at beginWork (http://localhost:5173/node_modules/.vite/deps/chunk-WERSD76P.js?v=f48ef99d:15924:22)
    at beginWork$1 (http://localhost:5173/node_modules/.vite/deps/chunk-WERSD76P.js?v=f48ef99d:19753:22)
    at performUnitOfWork (http://localhost:5173/node_modules/.vite/deps/chunk-WERSD76P.js?v=f48ef99d:19198:20)
    at workLoopSync (http://localhost:5173/node_modules/.vite/deps/chunk-WERSD76P.js?v=f48ef99d:19137:13)
    at renderRootSync (http://localhost:5173/node_modules/.vite/deps/chunk-WERSD76P.js?v=f48ef99d:19116:15)
    at recoverFromConcurrentError (http://localhost:5173/node_modules/.vite/deps/chunk-WERSD76P.js?v=f48ef99d:18736:28)
    at performSyncWorkOnRoot (http://localhost:5173/node_modules/.vite/deps/chunk-WERSD76P.js?v=f48ef99d:18879:28) {componentStack: 
    at BrainDumpView (http://localhost:5173/src/v…oundary (http://localhost:5173/src/main.tsx:10:1)} @ http://localhost:5173/src/main.tsx:18
