[     112ms] [INFO] %cDownload the React DevTools for a better development experience: https://reactjs.org/link/react-devtools font-weight:bold @ http://localhost:5173/node_modules/.vite/deps/chunk-WERSD76P.js?v=f48ef99d:21550
[     154ms] [WARNING] ⚠️ React Router Future Flag Warning: React Router will begin wrapping state updates in `React.startTransition` in v7. You can use the `v7_startTransition` future flag to opt-in early. For more information, see https://reactrouter.com/v6/upgrading/future#v7_starttransition. @ http://localhost:5173/node_modules/.vite/deps/react-router-dom.js?v=f48ef99d:4435
[     154ms] [WARNING] ⚠️ React Router Future Flag Warning: Relative route resolution within Splat routes is changing in v7. You can use the `v7_relativeSplatPath` future flag to opt-in early. For more information, see https://reactrouter.com/v6/upgrading/future#v7_relativesplatpath. @ http://localhost:5173/node_modules/.vite/deps/react-router-dom.js?v=f48ef99d:4435
[   35878ms] [ERROR] Warning: Each child in a list should have a unique "key" prop.%s%s See https://reactjs.org/link/warning-keys for more information.%s 

Check the render method of `ArtifactLineage`.  
    at ArtifactCard (http://localhost:5173/src/components/inspect/ArtifactCard.tsx:34:40)
    at ArtifactLineage (http://localhost:5173/src/components/inspect/ArtifactLineage.tsx:20:43)
    at div
    at div
    at InspectTabs (http://localhost:5173/src/components/inspect/InspectTabs.tsx:23:39)
    at main
    at div
    at InspectMode (http://localhost:5173/src/components/inspect/InspectMode.tsx?t=1778128899360:26:33)
    at div
    at InspectView (http://localhost:5173/src/views/InspectView.tsx?t=1778128899360:22:25)
    at RenderedRoute (http://localhost:5173/node_modules/.vite/deps/react-router-dom.js?v=f48ef99d:4131:5)
    at Outlet (http://localhost:5173/node_modules/.vite/deps/react-router-dom.js?v=f48ef99d:4537:26)
    at div
    at div
    at main
    at div
    at WorkspaceShell (http://localhost:5173/src/components/WorkspaceShell.tsx?t=1778130682352:29:34)
    at Workspace (http://localhost:5173/src/views/Workspace.tsx?t=1778130682352:25:25)
    at RenderedRoute (http://localhost:5173/node_modules/.vite/deps/react-router-dom.js?v=f48ef99d:4131:5)
    at Routes (http://localhost:5173/node_modules/.vite/deps/react-router-dom.js?v=f48ef99d:4601:5)
    at main
    at div
    at Layout (http://localhost:5173/src/components/Layout.tsx?t=1778128620570:54:26)
    at Router (http://localhost:5173/node_modules/.vite/deps/react-router-dom.js?v=f48ef99d:4544:15)
    at BrowserRouter (http://localhost:5173/node_modules/.vite/deps/react-router-dom.js?v=f48ef99d:5290:5)
    at AppInner (http://localhost:5173/src/App.tsx?t=1778130682352:43:3)
    at ToastProvider (http://localhost:5173/src/hooks/useToast.tsx:20:33)
    at QueryClientProvider (http://localhost:5173/node_modules/.vite/deps/@tanstack_react-query.js?v=f48ef99d:3194:3)
    at App
    at RootErrorBoundary (http://localhost:5173/src/main.tsx:10:1) @ http://localhost:5173/node_modules/.vite/deps/react_jsx-dev-runtime.js?v=f48ef99d:63
